Archive member included to satisfy reference by file (symbol)

c:/users/michiel/desktop/freedomstudio/sifive/riscv64-unknown-elf-gcc-8.3.0-2020.04.1/bin/../lib/gcc/riscv64-unknown-elf/8.3.0/../../../../riscv64-unknown-elf/lib/rv32imac/ilp32\libc_nano.a(lib_a-printf.o)
                              C:\Users\Michiel\AppData\Local\Temp\ccLvKjSE.o (printf)
c:/users/michiel/desktop/freedomstudio/sifive/riscv64-unknown-elf-gcc-8.3.0-2020.04.1/bin/../lib/gcc/riscv64-unknown-elf/8.3.0/../../../../riscv64-unknown-elf/lib/rv32imac/ilp32\libc_nano.a(lib_a-findfp.o)
                              c:/users/michiel/desktop/freedomstudio/sifive/riscv64-unknown-elf-gcc-8.3.0-2020.04.1/bin/../lib/gcc/riscv64-unknown-elf/8.3.0/../../../../riscv64-unknown-elf/lib/rv32imac/ilp32\libc_nano.a(lib_a-printf.o) (__sinit)
c:/users/michiel/desktop/freedomstudio/sifive/riscv64-unknown-elf-gcc-8.3.0-2020.04.1/bin/../lib/gcc/riscv64-unknown-elf/8.3.0/../../../../riscv64-unknown-elf/lib/rv32imac/ilp32\libc_nano.a(lib_a-fwalk.o)
                              c:/users/michiel/desktop/freedomstudio/sifive/riscv64-unknown-elf-gcc-8.3.0-2020.04.1/bin/../lib/gcc/riscv64-unknown-elf/8.3.0/../../../../riscv64-unknown-elf/lib/rv32imac/ilp32\libc_nano.a(lib_a-findfp.o) (_fwalk)
c:/users/michiel/desktop/freedomstudio/sifive/riscv64-unknown-elf-gcc-8.3.0-2020.04.1/bin/../lib/gcc/riscv64-unknown-elf/8.3.0/../../../../riscv64-unknown-elf/lib/rv32imac/ilp32\libc_nano.a(lib_a-impure.o)
                              c:/users/michiel/desktop/freedomstudio/sifive/riscv64-unknown-elf-gcc-8.3.0-2020.04.1/bin/../lib/gcc/riscv64-unknown-elf/8.3.0/../../../../riscv64-unknown-elf/lib/rv32imac/ilp32\libc_nano.a(lib_a-findfp.o) (_global_impure_ptr)
c:/users/michiel/desktop/freedomstudio/sifive/riscv64-unknown-elf-gcc-8.3.0-2020.04.1/bin/../lib/gcc/riscv64-unknown-elf/8.3.0/../../../../riscv64-unknown-elf/lib/rv32imac/ilp32\libc_nano.a(lib_a-memset.o)
                              c:/users/michiel/desktop/freedomstudio/sifive/riscv64-unknown-elf-gcc-8.3.0-2020.04.1/bin/../lib/gcc/riscv64-unknown-elf/8.3.0/../../../../riscv64-unknown-elf/lib/rv32imac/ilp32\libc_nano.a(lib_a-findfp.o) (memset)
c:/users/michiel/desktop/freedomstudio/sifive/riscv64-unknown-elf-gcc-8.3.0-2020.04.1/bin/../lib/gcc/riscv64-unknown-elf/8.3.0/../../../../riscv64-unknown-elf/lib/rv32imac/ilp32\libc_nano.a(lib_a-nano-mallocr.o)
                              c:/users/michiel/desktop/freedomstudio/sifive/riscv64-unknown-elf-gcc-8.3.0-2020.04.1/bin/../lib/gcc/riscv64-unknown-elf/8.3.0/../../../../riscv64-unknown-elf/lib/rv32imac/ilp32\libc_nano.a(lib_a-findfp.o) (_malloc_r)
c:/users/michiel/desktop/freedomstudio/sifive/riscv64-unknown-elf-gcc-8.3.0-2020.04.1/bin/../lib/gcc/riscv64-unknown-elf/8.3.0/../../../../riscv64-unknown-elf/lib/rv32imac/ilp32\libc_nano.a(lib_a-nano-vfprintf.o)
                              c:/users/michiel/desktop/freedomstudio/sifive/riscv64-unknown-elf-gcc-8.3.0-2020.04.1/bin/../lib/gcc/riscv64-unknown-elf/8.3.0/../../../../riscv64-unknown-elf/lib/rv32imac/ilp32\libc_nano.a(lib_a-printf.o) (_vfprintf_r)
c:/users/michiel/desktop/freedomstudio/sifive/riscv64-unknown-elf-gcc-8.3.0-2020.04.1/bin/../lib/gcc/riscv64-unknown-elf/8.3.0/../../../../riscv64-unknown-elf/lib/rv32imac/ilp32\libc_nano.a(lib_a-sbrkr.o)
                              c:/users/michiel/desktop/freedomstudio/sifive/riscv64-unknown-elf-gcc-8.3.0-2020.04.1/bin/../lib/gcc/riscv64-unknown-elf/8.3.0/../../../../riscv64-unknown-elf/lib/rv32imac/ilp32\libc_nano.a(lib_a-nano-mallocr.o) (_sbrk_r)
c:/users/michiel/desktop/freedomstudio/sifive/riscv64-unknown-elf-gcc-8.3.0-2020.04.1/bin/../lib/gcc/riscv64-unknown-elf/8.3.0/../../../../riscv64-unknown-elf/lib/rv32imac/ilp32\libc_nano.a(lib_a-stdio.o)
                              c:/users/michiel/desktop/freedomstudio/sifive/riscv64-unknown-elf-gcc-8.3.0-2020.04.1/bin/../lib/gcc/riscv64-unknown-elf/8.3.0/../../../../riscv64-unknown-elf/lib/rv32imac/ilp32\libc_nano.a(lib_a-findfp.o) (__sread)
c:/users/michiel/desktop/freedomstudio/sifive/riscv64-unknown-elf-gcc-8.3.0-2020.04.1/bin/../lib/gcc/riscv64-unknown-elf/8.3.0/../../../../riscv64-unknown-elf/lib/rv32imac/ilp32\libc_nano.a(lib_a-wbuf.o)
                              c:/users/michiel/desktop/freedomstudio/sifive/riscv64-unknown-elf-gcc-8.3.0-2020.04.1/bin/../lib/gcc/riscv64-unknown-elf/8.3.0/../../../../riscv64-unknown-elf/lib/rv32imac/ilp32\libc_nano.a(lib_a-nano-vfprintf.o) (__swbuf_r)
c:/users/michiel/desktop/freedomstudio/sifive/riscv64-unknown-elf-gcc-8.3.0-2020.04.1/bin/../lib/gcc/riscv64-unknown-elf/8.3.0/../../../../riscv64-unknown-elf/lib/rv32imac/ilp32\libc_nano.a(lib_a-writer.o)
                              c:/users/michiel/desktop/freedomstudio/sifive/riscv64-unknown-elf-gcc-8.3.0-2020.04.1/bin/../lib/gcc/riscv64-unknown-elf/8.3.0/../../../../riscv64-unknown-elf/lib/rv32imac/ilp32\libc_nano.a(lib_a-stdio.o) (_write_r)
[...]
Memory Configuration

Name             Origin             Length             Attributes
itim             0x0000000008000000 0x0000000000002000 axrwl
ram              0x0000000080000000 0x0000000000004000 arw !xl
rom              0x0000000020010000 0x000000000006a120 xrl !aw
*default*        0x0000000000000000 0xffffffffffffffff

Linker script and memory map

LOAD C:\Users\Michiel\AppData\Local\Temp\ccONcg71.o
LOAD C:\Users\Michiel\AppData\Local\Temp\ccLvKjSE.o
START GROUP
LOAD c:/users/michiel/desktop/freedomstudio/sifive/riscv64-unknown-elf-gcc-8.3.0-2020.04.1/bin/../lib/gcc/riscv64-unknown-elf/8.3.0/../../../../riscv64-unknown-elf/lib/rv32imac/ilp32\libc_nano.a
LOAD c:/users/michiel/desktop/freedomstudio/sifive/riscv64-unknown-elf-gcc-8.3.0-2020.04.1/bin/../lib/gcc/riscv64-unknown-elf/8.3.0/rv32imac/ilp32\libgcc.a
LOAD c:/users/michiel/desktop/freedomstudio/sifive/riscv64-unknown-elf-gcc-8.3.0-2020.04.1/bin/../lib/gcc/riscv64-unknown-elf/8.3.0/../../../../riscv64-unknown-elf/lib/rv32imac/ilp32\libm.a
LOAD C:/Users/Michiel/wsFreedomStudio/BareMetalSPI/bsp/install/lib/debug/\libmetal.a
LOAD C:/Users/Michiel/wsFreedomStudio/BareMetalSPI/bsp/install/lib/debug/\libmetal-gloss.a
END GROUP
                0x0000000000000400                __stack_size = DEFINED (__stack_size)?__stack_size:0x400
                [!provide]                        PROVIDE (__stack_size = __stack_size)
                0x0000000000000800                __heap_size = DEFINED (__heap_size)?__heap_size:0x800
                0x0000000000000000                PROVIDE (__metal_boot_hart = 0x0)
                0x0000000000000001                PROVIDE (__metal_chicken_bit = 0x1)
                0x0000000000000000                PROVIDE (__metal_eccscrub_bit = 0x0)
                0x0000000080000000                PROVIDE (metal_dtim_0_memory_start = 0x80000000)
                0x0000000080004000                PROVIDE (metal_dtim_0_memory_end = 0x80004000)
                0x0000000008000000                PROVIDE (metal_itim_0_memory_start = 0x8000000)
                0x0000000008002000                PROVIDE (metal_itim_0_memory_end = 0x8002000)

.init           0x0000000020010000      0x2d6
 *(.text.metal.init.enter)
 .text.metal.init.enter
                0x0000000020010000       0x90 C:/Users/Michiel/wsFreedomStudio/BareMetalSPI/bsp/install/lib/debug/\libmetal.a(entry.o)
                0x0000000020010000                _enter
 *(.text.metal.init.*)
 .text.metal.init.__register_frame_info
                0x0000000020010090        0x2 C:/Users/Michiel/wsFreedomStudio/BareMetalSPI/bsp/install/lib/debug/\libmetal.a(entry.o)
                0x0000000020010090                __register_frame_info
 .text.metal.init.scrub
                0x0000000020010092       0xe4 C:/Users/Michiel/wsFreedomStudio/BareMetalSPI/bsp/install/lib/debug/\libmetal.a(scrub.o)
                0x000000002001009e                __metal_before_start
 *fill*         0x0000000020010176        0x2 
 .text.metal.init.trapvec
                0x0000000020010178        0xe C:/Users/Michiel/wsFreedomStudio/BareMetalSPI/bsp/install/lib/debug/\libmetal.a(trap.o)
                0x0000000020010178                early_trap_vector
 *(SORT_NONE(.init))
 .init          0x0000000020010186        0xe C:/Users/Michiel/wsFreedomStudio/BareMetalSPI/bsp/install/lib/debug/\libmetal.a(synchronize_harts.o)
                0x0000000020010186                __metal_synchronize_harts
 *(.text.libgloss.start)
 .text.libgloss.start
                0x0000000020010194      0x142 C:/Users/Michiel/wsFreedomStudio/BareMetalSPI/bsp/install/lib/debug/\libmetal-gloss.a(crt0.o)
                0x0000000020010194                _start
                0x00000000200102b4                _fini
                0x00000000200102b4                _init
                0x00000000200102b6                secondary_main

.fini
 *(SORT_NONE(.fini))

.preinit_array  0x00000000200102d8        0x0
                0x00000000200102d8                PROVIDE (__preinit_array_start = .)
 *(.preinit_array)
                0x00000000200102d8                PROVIDE (__preinit_array_end = .)

.init_array     0x00000000200102d8        0xc
                0x00000000200102d8                PROVIDE (__init_array_start = .)
 *(SORT_BY_INIT_PRIORITY(.init_array.*) SORT_BY_INIT_PRIORITY(.ctors.*))
 *(.init_array EXCLUDE_FILE(*crtend?.o *crtend.o *crtbegin?.o *crtbegin.o) .ctors)
                0x00000000200102d8                PROVIDE (__init_array_end = .)
                0x00000000200102d8                PROVIDE (metal_constructors_start = .)
 *(SORT_BY_INIT_PRIORITY(.metal.init_array.*))
 .metal.init_array.5000
                0x00000000200102d8        0x8 C:/Users/Michiel/wsFreedomStudio/BareMetalSPI/bsp/install/lib/debug/\libmetal.a(sifive_fe310-g000_pll.o)
                0x00000000200102d8                _metal_sifive_fe310_g000_pll_init_ptr
                0x00000000200102dc                _use_hfxosc_ptr
 .metal.init_array.5000
                0x00000000200102e0        0x4 C:/Users/Michiel/wsFreedomStudio/BareMetalSPI/bsp/install/lib/debug/\libmetal.a(tty.o)
                0x00000000200102e0                _metal_tty_init_ptr
 *(.metal.init_array)
                0x00000000200102e4                PROVIDE (metal_constructors_end = .)

.fini_array     0x00000000200102e8        0x0
                0x00000000200102e8                PROVIDE (__fini_array_start = .)
 *(SORT_BY_INIT_PRIORITY(.fini_array.*) SORT_BY_INIT_PRIORITY(.dtors.*))
 *(.fini_array EXCLUDE_FILE(*crtend?.o *crtend.o *crtbegin?.o *crtbegin.o) .dtors)
                0x00000000200102e8                PROVIDE (__fini_array_end = .)
                0x00000000200102e8                PROVIDE (metal_destructors_start = .)
 *(SORT_BY_INIT_PRIORITY(.metal.fini_array.*))
 *(.metal.fini_array)
                0x00000000200102e8                PROVIDE (metal_destructors_end = .)

.ctors          0x00000000200102e4       0x7a
 *crtbegin.o(.ctors)
 *crtbegin?.o(.ctors)
 *(EXCLUDE_FILE(*crtend?.o *crtend.o) .ctors)
 *(SORT_BY_NAME(.ctors.*))
 *(.ctors)
 *(.metal.ctors .metal.ctors.*)
 .metal.ctors   0x00000000200102e4       0x56 C:/Users/Michiel/wsFreedomStudio/BareMetalSPI/bsp/install/lib/debug/\libmetal.a(sifive_fe310-g000_pll.o)
                0x00000000200102e4                metal_sifive_fe310_g000_pll_init
                0x0000000020010310                use_hfxosc
 .metal.ctors   0x000000002001033a       0x24 C:/Users/Michiel/wsFreedomStudio/BareMetalSPI/bsp/install/lib/debug/\libmetal.a(tty.o)
                0x000000002001033a                metal_tty_init

.dtors
 *crtbegin.o(.dtors)
 *crtbegin?.o(.dtors)
 *(EXCLUDE_FILE(*crtend?.o *crtend.o) .dtors)
 *(SORT_BY_NAME(.dtors.*))
 *(.dtors)
 *(.metal.dtors .metal.dtors.*)

.rodata         0x0000000020010360      0xc10
 *(.rdata)
 *(.rodata .rodata.*)
 .rodata        0x0000000020010360        0xf C:\Users\Michiel\AppData\Local\Temp\ccLvKjSE.o
 *fill*         0x000000002001036f        0x1 
 .rodata.__sf_fake_stderr
                0x0000000020010370       0x20 c:/users/michiel/desktop/freedomstudio/sifive/riscv64-unknown-elf-gcc-8.3.0-2020.04.1/bin/../lib/gcc/riscv64-unknown-elf/8.3.0/../../../../riscv64-unknown-elf/lib/rv32imac/ilp32\libc_nano.a(lib_a-findfp.o)
                0x0000000020010370                __sf_fake_stderr
 .rodata.__sf_fake_stdin
                0x0000000020010390       0x20 c:/users/michiel/desktop/freedomstudio/sifive/riscv64-unknown-elf-gcc-8.3.0-2020.04.1/bin/../lib/gcc/riscv64-unknown-elf/8.3.0/../../../../riscv64-unknown-elf/lib/rv32imac/ilp32\libc_nano.a(lib_a-findfp.o)
                0x0000000020010390                __sf_fake_stdin
 .rodata.__sf_fake_stdout
                0x00000000200103b0       0x20 c:/users/michiel/desktop/freedomstudio/sifive/riscv64-unknown-elf-gcc-8.3.0-2020.04.1/bin/../lib/gcc/riscv64-unknown-elf/8.3.0/../../../../riscv64-unknown-elf/lib/rv32imac/ilp32\libc_nano.a(lib_a-findfp.o)
                0x00000000200103b0                __sf_fake_stdout
 .rodata._vfprintf_r.str1.4
                0x00000000200103d0       0x13 c:/users/michiel/desktop/freedomstudio/sifive/riscv64-unknown-elf-gcc-8.3.0-2020.04.1/bin/../lib/gcc/riscv64-unknown-elf/8.3.0/../../../../riscv64-unknown-elf/lib/rv32imac/ilp32\libc_nano.a(lib_a-nano-vfprintf.o)
 *fill*         0x00000000200103e3        0x1 
 .rodata._printf_i.str1.4
                0x00000000200103e4       0x28 c:/users/michiel/desktop/freedomstudio/sifive/riscv64-unknown-elf-gcc-8.3.0-2020.04.1/bin/../lib/gcc/riscv64-unknown-elf/8.3.0/../../../../riscv64-unknown-elf/lib/rv32imac/ilp32\libc_nano.a(lib_a-nano-vfprintf_i.o)
                                         0x25 (size before relaxing)
 .rodata.__metal_driver_vtable_riscv_clint0
                0x000000002001040c       0x64 C:/Users/Michiel/wsFreedomStudio/BareMetalSPI/bsp/install/lib/debug/\libmetal.a(riscv_clint0.o)
                0x000000002001040c                __metal_driver_vtable_riscv_clint0
 .rodata.__metal_controller_interrupt_vector
                0x0000000020010470       0x14 C:/Users/Michiel/wsFreedomStudio/BareMetalSPI/bsp/install/lib/debug/\libmetal.a(riscv_cpu.o)
 .rodata.__metal_local_interrupt_enable
                0x0000000020010484       0x80 C:/Users/Michiel/wsFreedomStudio/BareMetalSPI/bsp/install/lib/debug/\libmetal.a(riscv_cpu.o)
 .rodata.__metal_driver_vtable_riscv_cpu_intc
                0x0000000020010504       0x64 C:/Users/Michiel/wsFreedomStudio/BareMetalSPI/bsp/install/lib/debug/\libmetal.a(riscv_cpu.o)
                0x0000000020010504                __metal_driver_vtable_riscv_cpu_intc
 .rodata.__metal_driver_vtable_cpu
                0x0000000020010568       0x44 C:/Users/Michiel/wsFreedomStudio/BareMetalSPI/bsp/install/lib/debug/\libmetal.a(riscv_cpu.o)
                0x0000000020010568                __metal_driver_vtable_cpu
 .rodata.__metal_driver_vtable_riscv_plic0
                0x00000000200105ac       0x64 C:/Users/Michiel/wsFreedomStudio/BareMetalSPI/bsp/install/lib/debug/\libmetal.a(riscv_plic0.o)
                0x00000000200105ac                __metal_driver_vtable_riscv_plic0
 .rodata.pll_configs
                0x0000000020010610      0x880 C:/Users/Michiel/wsFreedomStudio/BareMetalSPI/bsp/install/lib/debug/\libmetal.a(sifive_fe310-g000_pll.o)
 .rodata.__metal_driver_vtable_sifive_fe310_g000_pll
                0x0000000020010e90        0xc C:/Users/Michiel/wsFreedomStudio/BareMetalSPI/bsp/install/lib/debug/\libmetal.a(sifive_fe310-g000_pll.o)
                0x0000000020010e90                __metal_driver_vtable_sifive_fe310_g000_pll
 .rodata.__metal_driver_sifive_gpio0_config_int
                0x0000000020010e9c       0x20 C:/Users/Michiel/wsFreedomStudio/BareMetalSPI/bsp/install/lib/debug/\libmetal.a(sifive_gpio0.o)
 .rodata.__metal_driver_sifive_gpio0_clear_int
                0x0000000020010ebc       0x20 C:/Users/Michiel/wsFreedomStudio/BareMetalSPI/bsp/install/lib/debug/\libmetal.a(sifive_gpio0.o)
 .rodata.__metal_driver_vtable_sifive_gpio0
                0x0000000020010edc       0x3c C:/Users/Michiel/wsFreedomStudio/BareMetalSPI/bsp/install/lib/debug/\libmetal.a(sifive_gpio0.o)
                0x0000000020010edc                __metal_driver_vtable_sifive_gpio0
 .rodata.__metal_driver_vtable_sifive_uart0
                0x0000000020010f18       0x40 C:/Users/Michiel/wsFreedomStudio/BareMetalSPI/bsp/install/lib/debug/\libmetal.a(sifive_uart0.o)
                0x0000000020010f18                __metal_driver_vtable_sifive_uart0
 .rodata.libgloss.start
                0x0000000020010f58       0x11 C:/Users/Michiel/wsFreedomStudio/BareMetalSPI/bsp/install/lib/debug/\libmetal-gloss.a(crt0.o)
 *(.gnu.linkonce.r.*)
                0x0000000020010f70                . = ALIGN (0x8)
 *fill*         0x0000000020010f69        0x7 
 *(.srodata.cst16)
 *(.srodata.cst8)
 *(.srodata.cst4)
 *(.srodata.cst2)
 *(.srodata .srodata.*)

.itim           0x0000000008000000        0x0 load address 0x0000000020010f70
 *(.itim .itim.*)
                0x0000000020010f70                PROVIDE (metal_segment_itim_source_start = LOADADDR (.itim))
                0x0000000008000000                PROVIDE (metal_segment_itim_target_start = ADDR (.itim))
                0x0000000008000000                PROVIDE (metal_segment_itim_target_end = (ADDR (.itim) + SIZEOF (.itim)))

.text           0x0000000020010f80     0x6166
 *(.text.unlikely .text.unlikely.*)
 *(.text.startup .text.startup.*)
 *(.text .text.*)
 .text.delay    0x0000000020010f80       0x2e C:\Users\Michiel\AppData\Local\Temp\ccONcg71.o
                0x0000000020010f80                delay
 .text.SPIinit  0x0000000020010fae       0xa2 C:\Users\Michiel\AppData\Local\Temp\ccONcg71.o
                0x0000000020010fae                SPIinit
 .text.spi_rxdata_read
                0x0000000020011050       0x28 C:\Users\Michiel\AppData\Local\Temp\ccONcg71.o
                0x0000000020011050                spi_rxdata_read
 .text.SPISend  0x0000000020011078       0x46 C:\Users\Michiel\AppData\Local\Temp\ccONcg71.o
                0x0000000020011078                SPISend
 .text.SPISendAndReadValue
                0x00000000200110be       0x36 C:\Users\Michiel\AppData\Local\Temp\ccONcg71.o
                0x00000000200110be                SPISendAndReadValue
 .text.getRGBvalues
                0x00000000200110f4       0x5e C:\Users\Michiel\AppData\Local\Temp\ccLvKjSE.o
                0x00000000200110f4                getRGBvalues
 .text.main     0x0000000020011152       0x74 C:\Users\Michiel\AppData\Local\Temp\ccLvKjSE.o
                0x0000000020011152                main
 .text.printf   0x00000000200111c6       0x42 c:/users/michiel/desktop/freedomstudio/sifive/riscv64-unknown-elf-gcc-8.3.0-2020.04.1/bin/../lib/gcc/riscv64-unknown-elf/8.3.0/../../../../riscv64-unknown-elf/lib/rv32imac/ilp32\libc_nano.a(lib_a-printf.o)
                0x00000000200111c6                iprintf
                0x00000000200111c6                printf
 .text.std      0x0000000020011208       0x68 c:/users/michiel/desktop/freedomstudio/sifive/riscv64-unknown-elf-gcc-8.3.0-2020.04.1/bin/../lib/gcc/riscv64-unknown-elf/8.3.0/../../../../riscv64-unknown-elf/lib/rv32imac/ilp32\libc_nano.a(lib_a-findfp.o)
 .text._cleanup_r
                0x0000000020011270        0xa c:/users/michiel/desktop/freedomstudio/sifive/riscv64-unknown-elf-gcc-8.3.0-2020.04.1/bin/../lib/gcc/riscv64-unknown-elf/8.3.0/../../../../riscv64-unknown-elf/lib/rv32imac/ilp32\libc_nano.a(lib_a-findfp.o)
                0x0000000020011270                _cleanup_r
 .text.__sfmoreglue
                0x000000002001127a       0x44 c:/users/michiel/desktop/freedomstudio/sifive/riscv64-unknown-elf-gcc-8.3.0-2020.04.1/bin/../lib/gcc/riscv64-unknown-elf/8.3.0/../../../../riscv64-unknown-elf/lib/rv32imac/ilp32\libc_nano.a(lib_a-findfp.o)
                0x000000002001127a                __sfmoreglue
 .text.__sinit  0x00000000200112be       0x6a c:/users/michiel/desktop/freedomstudio/sifive/riscv64-unknown-elf-gcc-8.3.0-2020.04.1/bin/../lib/gcc/riscv64-unknown-elf/8.3.0/../../../../riscv64-unknown-elf/lib/rv32imac/ilp32\libc_nano.a(lib_a-findfp.o)
                0x00000000200112be                __sinit
 .text.__sfp    0x0000000020011328       0x9e c:/users/michiel/desktop/freedomstudio/sifive/riscv64-unknown-elf-gcc-8.3.0-2020.04.1/bin/../lib/gcc/riscv64-unknown-elf/8.3.0/../../../../riscv64-unknown-elf/lib/rv32imac/ilp32\libc_nano.a(lib_a-findfp.o)
                0x0000000020011328                __sfp
 .text._fwalk_reent
                0x00000000200113c6       0x6c c:/users/michiel/desktop/freedomstudio/sifive/riscv64-unknown-elf-gcc-8.3.0-2020.04.1/bin/../lib/gcc/riscv64-unknown-elf/8.3.0/../../../../riscv64-unknown-elf/lib/rv32imac/ilp32\libc_nano.a(lib_a-fwalk.o)
                0x00000000200113c6                _fwalk_reent
 .text          0x0000000020011432       0x10 c:/users/michiel/desktop/freedomstudio/sifive/riscv64-unknown-elf-gcc-8.3.0-2020.04.1/bin/../lib/gcc/riscv64-unknown-elf/8.3.0/../../../../riscv64-unknown-elf/lib/rv32imac/ilp32\libc_nano.a(lib_a-memset.o)
                0x0000000020011432                memset
 .text._malloc_r
                0x0000000020011442       0xe4 c:/users/michiel/desktop/freedomstudio/sifive/riscv64-unknown-elf-gcc-8.3.0-2020.04.1/bin/../lib/gcc/riscv64-unknown-elf/8.3.0/../../../../riscv64-unknown-elf/lib/rv32imac/ilp32\libc_nano.a(lib_a-nano-mallocr.o)
                0x0000000020011442                _malloc_r
 .text.__sfputc_r
                0x0000000020011526       0x28 c:/users/michiel/desktop/freedomstudio/sifive/riscv64-unknown-elf-gcc-8.3.0-2020.04.1/bin/../lib/gcc/riscv64-unknown-elf/8.3.0/../../../../riscv64-unknown-elf/lib/rv32imac/ilp32\libc_nano.a(lib_a-nano-vfprintf.o)
 .text.__sfputs_r
                0x000000002001154e       0x42 c:/users/michiel/desktop/freedomstudio/sifive/riscv64-unknown-elf-gcc-8.3.0-2020.04.1/bin/../lib/gcc/riscv64-unknown-elf/8.3.0/../../../../riscv64-unknown-elf/lib/rv32imac/ilp32\libc_nano.a(lib_a-nano-vfprintf.o)
                0x000000002001154e                __sfputs_r
 .text._vfprintf_r
                0x0000000020011590      0x29a c:/users/michiel/desktop/freedomstudio/sifive/riscv64-unknown-elf-gcc-8.3.0-2020.04.1/bin/../lib/gcc/riscv64-unknown-elf/8.3.0/../../../../riscv64-unknown-elf/lib/rv32imac/ilp32\libc_nano.a(lib_a-nano-vfprintf.o)
                0x0000000020011590                _vfprintf_r
                0x0000000020011590                _vfiprintf_r
 .text._sbrk_r  0x000000002001182a       0x2a c:/users/michiel/desktop/freedomstudio/sifive/riscv64-unknown-elf-gcc-8.3.0-2020.04.1/bin/../lib/gcc/riscv64-unknown-elf/8.3.0/../../../../riscv64-unknown-elf/lib/rv32imac/ilp32\libc_nano.a(lib_a-sbrkr.o)
                0x000000002001182a                _sbrk_r
 .text.__sread  0x0000000020011854       0x32 c:/users/michiel/desktop/freedomstudio/sifive/riscv64-unknown-elf-gcc-8.3.0-2020.04.1/bin/../lib/gcc/riscv64-unknown-elf/8.3.0/../../../../riscv64-unknown-elf/lib/rv32imac/ilp32\libc_nano.a(lib_a-stdio.o)
                0x0000000020011854                __sread
 .text.__swrite
                0x0000000020011886       0x4e c:/users/michiel/desktop/freedomstudio/sifive/riscv64-unknown-elf-gcc-8.3.0-2020.04.1/bin/../lib/gcc/riscv64-unknown-elf/8.3.0/../../../../riscv64-unknown-elf/lib/rv32imac/ilp32\libc_nano.a(lib_a-stdio.o)
                0x0000000020011886                __swrite
 .text.__sseek  0x00000000200118d4       0x36 c:/users/michiel/desktop/freedomstudio/sifive/riscv64-unknown-elf-gcc-8.3.0-2020.04.1/bin/../lib/gcc/riscv64-unknown-elf/8.3.0/../../../../riscv64-unknown-elf/lib/rv32imac/ilp32\libc_nano.a(lib_a-stdio.o)
                0x00000000200118d4                __sseek
 .text.__sclose
                0x000000002001190a        0x6 c:/users/michiel/desktop/freedomstudio/sifive/riscv64-unknown-elf-gcc-8.3.0-2020.04.1/bin/../lib/gcc/riscv64-unknown-elf/8.3.0/../../../../riscv64-unknown-elf/lib/rv32imac/ilp32\libc_nano.a(lib_a-stdio.o)
                0x000000002001190a                __sclose
 .text.__swbuf_r
                0x0000000020011910       0xc0 c:/users/michiel/desktop/freedomstudio/sifive/riscv64-unknown-elf-gcc-8.3.0-2020.04.1/bin/../lib/gcc/riscv64-unknown-elf/8.3.0/../../../../riscv64-unknown-elf/lib/rv32imac/ilp32\libc_nano.a(lib_a-wbuf.o)
                0x0000000020011910                __swbuf_r
 .text._write_r
                0x00000000200119d0       0x2e c:/users/michiel/desktop/freedomstudio/sifive/riscv64-unknown-elf-gcc-8.3.0-2020.04.1/bin/../lib/gcc/riscv64-unknown-elf/8.3.0/../../../../riscv64-unknown-elf/lib/rv32imac/ilp32\libc_nano.a(lib_a-writer.o)
                0x00000000200119d0                _write_r
 .text.__swsetup_r
                0x00000000200119fe      0x112 c:/users/michiel/desktop/freedomstudio/sifive/riscv64-unknown-elf-gcc-8.3.0-2020.04.1/bin/../lib/gcc/riscv64-unknown-elf/8.3.0/../../../../riscv64-unknown-elf/lib/rv32imac/ilp32\libc_nano.a(lib_a-wsetup.o)
                0x00000000200119fe                __swsetup_r
 .text._close_r
                0x0000000020011b10       0x2a c:/users/michiel/desktop/freedomstudio/sifive/riscv64-unknown-elf-gcc-8.3.0-2020.04.1/bin/../lib/gcc/riscv64-unknown-elf/8.3.0/../../../../riscv64-unknown-elf/lib/rv32imac/ilp32\libc_nano.a(lib_a-closer.o)
                0x0000000020011b10                _close_r
 .text.__sflush_r
                0x0000000020011b3a      0x14a c:/users/michiel/desktop/freedomstudio/sifive/riscv64-unknown-elf-gcc-8.3.0-2020.04.1/bin/../lib/gcc/riscv64-unknown-elf/8.3.0/../../../../riscv64-unknown-elf/lib/rv32imac/ilp32\libc_nano.a(lib_a-fflush.o)
                0x0000000020011b3a                __sflush_r
 .text._fflush_r
                0x0000000020011c84       0x66 c:/users/michiel/desktop/freedomstudio/sifive/riscv64-unknown-elf-gcc-8.3.0-2020.04.1/bin/../lib/gcc/riscv64-unknown-elf/8.3.0/../../../../riscv64-unknown-elf/lib/rv32imac/ilp32\libc_nano.a(lib_a-fflush.o)
                0x0000000020011c84                _fflush_r
 .text._lseek_r
                0x0000000020011cea       0x2e c:/users/michiel/desktop/freedomstudio/sifive/riscv64-unknown-elf-gcc-8.3.0-2020.04.1/bin/../lib/gcc/riscv64-unknown-elf/8.3.0/../../../../riscv64-unknown-elf/lib/rv32imac/ilp32\libc_nano.a(lib_a-lseekr.o)
                0x0000000020011cea                _lseek_r
 .text.__swhatbuf_r
                0x0000000020011d18       0x58 c:/users/michiel/desktop/freedomstudio/sifive/riscv64-unknown-elf-gcc-8.3.0-2020.04.1/bin/../lib/gcc/riscv64-unknown-elf/8.3.0/../../../../riscv64-unknown-elf/lib/rv32imac/ilp32\libc_nano.a(lib_a-makebuf.o)
                0x0000000020011d18                __swhatbuf_r
 .text.__smakebuf_r
                0x0000000020011d70       0x9e c:/users/michiel/desktop/freedomstudio/sifive/riscv64-unknown-elf-gcc-8.3.0-2020.04.1/bin/../lib/gcc/riscv64-unknown-elf/8.3.0/../../../../riscv64-unknown-elf/lib/rv32imac/ilp32\libc_nano.a(lib_a-makebuf.o)
                0x0000000020011d70                __smakebuf_r
 .text.memchr   0x0000000020011e0e       0x1a c:/users/michiel/desktop/freedomstudio/sifive/riscv64-unknown-elf-gcc-8.3.0-2020.04.1/bin/../lib/gcc/riscv64-unknown-elf/8.3.0/../../../../riscv64-unknown-elf/lib/rv32imac/ilp32\libc_nano.a(lib_a-memchr.o)
                0x0000000020011e0e                memchr
 .text.__malloc_lock
                0x0000000020011e28        0x2 c:/users/michiel/desktop/freedomstudio/sifive/riscv64-unknown-elf-gcc-8.3.0-2020.04.1/bin/../lib/gcc/riscv64-unknown-elf/8.3.0/../../../../riscv64-unknown-elf/lib/rv32imac/ilp32\libc_nano.a(lib_a-mlock.o)
                0x0000000020011e28                __malloc_lock
 .text.__malloc_unlock
                0x0000000020011e2a        0x2 c:/users/michiel/desktop/freedomstudio/sifive/riscv64-unknown-elf-gcc-8.3.0-2020.04.1/bin/../lib/gcc/riscv64-unknown-elf/8.3.0/../../../../riscv64-unknown-elf/lib/rv32imac/ilp32\libc_nano.a(lib_a-mlock.o)
                0x0000000020011e2a                __malloc_unlock
 .text._free_r  0x0000000020011e2c       0xac c:/users/michiel/desktop/freedomstudio/sifive/riscv64-unknown-elf-gcc-8.3.0-2020.04.1/bin/../lib/gcc/riscv64-unknown-elf/8.3.0/../../../../riscv64-unknown-elf/lib/rv32imac/ilp32\libc_nano.a(lib_a-nano-freer.o)
                0x0000000020011e2c                _free_r
 .text._printf_common
                0x0000000020011ed8      0x10c c:/users/michiel/desktop/freedomstudio/sifive/riscv64-unknown-elf-gcc-8.3.0-2020.04.1/bin/../lib/gcc/riscv64-unknown-elf/8.3.0/../../../../riscv64-unknown-elf/lib/rv32imac/ilp32\libc_nano.a(lib_a-nano-vfprintf_i.o)
                0x0000000020011ed8                _printf_common
 .text._printf_i
                0x0000000020011fe4      0x2a2 c:/users/michiel/desktop/freedomstudio/sifive/riscv64-unknown-elf-gcc-8.3.0-2020.04.1/bin/../lib/gcc/riscv64-unknown-elf/8.3.0/../../../../riscv64-unknown-elf/lib/rv32imac/ilp32\libc_nano.a(lib_a-nano-vfprintf_i.o)
                0x0000000020011fe4                _printf_i
 .text._read_r  0x0000000020012286       0x2e c:/users/michiel/desktop/freedomstudio/sifive/riscv64-unknown-elf-gcc-8.3.0-2020.04.1/bin/../lib/gcc/riscv64-unknown-elf/8.3.0/../../../../riscv64-unknown-elf/lib/rv32imac/ilp32\libc_nano.a(lib_a-readr.o)
                0x0000000020012286                _read_r
 .text._fstat_r
                0x00000000200122b4       0x2c c:/users/michiel/desktop/freedomstudio/sifive/riscv64-unknown-elf-gcc-8.3.0-2020.04.1/bin/../lib/gcc/riscv64-unknown-elf/8.3.0/../../../../riscv64-unknown-elf/lib/rv32imac/ilp32\libc_nano.a(lib_a-fstatr.o)
                0x00000000200122b4                _fstat_r
 .text._isatty_r
                0x00000000200122e0       0x2a c:/users/michiel/desktop/freedomstudio/sifive/riscv64-unknown-elf-gcc-8.3.0-2020.04.1/bin/../lib/gcc/riscv64-unknown-elf/8.3.0/../../../../riscv64-unknown-elf/lib/rv32imac/ilp32\libc_nano.a(lib_a-isattyr.o)
                0x00000000200122e0                _isatty_r
 .text.__metal_driver_sifive_clint0_control_base
                0x000000002001230a       0x2a C:/Users/Michiel/wsFreedomStudio/BareMetalSPI/bsp/install/lib/debug/\libmetal.a(riscv_clint0.o)
 .text.__metal_driver_sifive_clint0_num_interrupts
                0x0000000020012334       0x28 C:/Users/Michiel/wsFreedomStudio/BareMetalSPI/bsp/install/lib/debug/\libmetal.a(riscv_clint0.o)
 .text.__metal_driver_sifive_clint0_interrupt_parents
                0x000000002001235c       0x3c C:/Users/Michiel/wsFreedomStudio/BareMetalSPI/bsp/install/lib/debug/\libmetal.a(riscv_clint0.o)
 .text.__metal_driver_sifive_clint0_interrupt_lines
                0x0000000020012398       0x30 C:/Users/Michiel/wsFreedomStudio/BareMetalSPI/bsp/install/lib/debug/\libmetal.a(riscv_clint0.o)
 .text.__metal_clint0_mtime_get
                0x00000000200123c8       0x9a C:/Users/Michiel/wsFreedomStudio/BareMetalSPI/bsp/install/lib/debug/\libmetal.a(riscv_clint0.o)
                0x00000000200123c8                __metal_clint0_mtime_get
 .text.__metal_driver_riscv_clint0_mtimecmp_set
                0x0000000020012462       0x96 C:/Users/Michiel/wsFreedomStudio/BareMetalSPI/bsp/install/lib/debug/\libmetal.a(riscv_clint0.o)
                0x0000000020012462                __metal_driver_riscv_clint0_mtimecmp_set
 .text._get_cpu_intc
                0x00000000200124f8       0x36 C:/Users/Michiel/wsFreedomStudio/BareMetalSPI/bsp/install/lib/debug/\libmetal.a(riscv_clint0.o)
 .text.__metal_driver_riscv_clint0_init
                0x000000002001252e       0x88 C:/Users/Michiel/wsFreedomStudio/BareMetalSPI/bsp/install/lib/debug/\libmetal.a(riscv_clint0.o)
                0x000000002001252e                __metal_driver_riscv_clint0_init
 .text.__metal_driver_riscv_clint0_register
                0x00000000200125b6       0xda C:/Users/Michiel/wsFreedomStudio/BareMetalSPI/bsp/install/lib/debug/\libmetal.a(riscv_clint0.o)
                0x00000000200125b6                __metal_driver_riscv_clint0_register
 .text.__metal_driver_riscv_clint0_vector_register
                0x0000000020012690       0x28 C:/Users/Michiel/wsFreedomStudio/BareMetalSPI/bsp/install/lib/debug/\libmetal.a(riscv_clint0.o)
                0x0000000020012690                __metal_driver_riscv_clint0_vector_register
 .text.__metal_driver_riscv_clint0_get_vector_mode
                0x00000000200126b8       0x1c C:/Users/Michiel/wsFreedomStudio/BareMetalSPI/bsp/install/lib/debug/\libmetal.a(riscv_clint0.o)
                0x00000000200126b8                __metal_driver_riscv_clint0_get_vector_mode
 .text.__metal_driver_riscv_clint0_set_vector_mode
                0x00000000200126d4       0x58 C:/Users/Michiel/wsFreedomStudio/BareMetalSPI/bsp/install/lib/debug/\libmetal.a(riscv_clint0.o)
                0x00000000200126d4                __metal_driver_riscv_clint0_set_vector_mode
 .text.__metal_driver_riscv_clint0_enable
                0x000000002001272c       0xb2 C:/Users/Michiel/wsFreedomStudio/BareMetalSPI/bsp/install/lib/debug/\libmetal.a(riscv_clint0.o)
                0x000000002001272c                __metal_driver_riscv_clint0_enable
 .text.__metal_driver_riscv_clint0_disable
                0x00000000200127de       0xb2 C:/Users/Michiel/wsFreedomStudio/BareMetalSPI/bsp/install/lib/debug/\libmetal.a(riscv_clint0.o)
                0x00000000200127de                __metal_driver_riscv_clint0_disable
 .text.__metal_driver_riscv_clint0_command_request
                0x0000000020012890      0x132 C:/Users/Michiel/wsFreedomStudio/BareMetalSPI/bsp/install/lib/debug/\libmetal.a(riscv_clint0.o)
                0x0000000020012890                __metal_driver_riscv_clint0_command_request
 .text.__metal_driver_riscv_clint0_clear_interrupt
                0x00000000200129c2       0x34 C:/Users/Michiel/wsFreedomStudio/BareMetalSPI/bsp/install/lib/debug/\libmetal.a(riscv_clint0.o)
                0x00000000200129c2                __metal_driver_riscv_clint0_clear_interrupt
 .text.__metal_driver_riscv_clint0_set_interrupt
                0x00000000200129f6       0x34 C:/Users/Michiel/wsFreedomStudio/BareMetalSPI/bsp/install/lib/debug/\libmetal.a(riscv_clint0.o)
                0x00000000200129f6                __metal_driver_riscv_clint0_set_interrupt
 .text.__metal_driver_cpu_hartid
                0x0000000020012a2a       0x24 C:/Users/Michiel/wsFreedomStudio/BareMetalSPI/bsp/install/lib/debug/\libmetal.a(riscv_cpu.o)
 .text.__metal_driver_cpu_timebase
                0x0000000020012a4e       0x2a C:/Users/Michiel/wsFreedomStudio/BareMetalSPI/bsp/install/lib/debug/\libmetal.a(riscv_cpu.o)
 .text.__metal_driver_cpu_interrupt_controller
                0x0000000020012a78       0x2a C:/Users/Michiel/wsFreedomStudio/BareMetalSPI/bsp/install/lib/debug/\libmetal.a(riscv_cpu.o)
 .text.__metal_driver_cpu_buserror
                0x0000000020012aa2       0x24 C:/Users/Michiel/wsFreedomStudio/BareMetalSPI/bsp/install/lib/debug/\libmetal.a(riscv_cpu.o)
 .text.__metal_driver_cpu_get
                0x0000000020012ac6       0x30 C:/Users/Michiel/wsFreedomStudio/BareMetalSPI/bsp/install/lib/debug/\libmetal.a(riscv_cpu.o)
                0x0000000020012ac6                __metal_driver_cpu_get
 .text.__metal_myhart_id
                0x0000000020012af6       0x1a C:/Users/Michiel/wsFreedomStudio/BareMetalSPI/bsp/install/lib/debug/\libmetal.a(riscv_cpu.o)
                0x0000000020012af6                __metal_myhart_id
 .text.__metal_interrupt_global_enable
                0x0000000020012b10       0x18 C:/Users/Michiel/wsFreedomStudio/BareMetalSPI/bsp/install/lib/debug/\libmetal.a(riscv_cpu.o)
                0x0000000020012b10                __metal_interrupt_global_enable
 .text.__metal_interrupt_global_disable
                0x0000000020012b28       0x18 C:/Users/Michiel/wsFreedomStudio/BareMetalSPI/bsp/install/lib/debug/\libmetal.a(riscv_cpu.o)
                0x0000000020012b28                __metal_interrupt_global_disable
 .text.__metal_interrupt_software_enable
                0x0000000020012b40       0x18 C:/Users/Michiel/wsFreedomStudio/BareMetalSPI/bsp/install/lib/debug/\libmetal.a(riscv_cpu.o)
                0x0000000020012b40                __metal_interrupt_software_enable
 .text.__metal_interrupt_software_disable
                0x0000000020012b58       0x18 C:/Users/Michiel/wsFreedomStudio/BareMetalSPI/bsp/install/lib/debug/\libmetal.a(riscv_cpu.o)
                0x0000000020012b58                __metal_interrupt_software_disable
 .text.__metal_interrupt_timer_enable
                0x0000000020012b70       0x1a C:/Users/Michiel/wsFreedomStudio/BareMetalSPI/bsp/install/lib/debug/\libmetal.a(riscv_cpu.o)
                0x0000000020012b70                __metal_interrupt_timer_enable
 .text.__metal_interrupt_timer_disable
                0x0000000020012b8a       0x1a C:/Users/Michiel/wsFreedomStudio/BareMetalSPI/bsp/install/lib/debug/\libmetal.a(riscv_cpu.o)
                0x0000000020012b8a                __metal_interrupt_timer_disable
 .text.__metal_interrupt_external_enable
                0x0000000020012ba4       0x1c C:/Users/Michiel/wsFreedomStudio/BareMetalSPI/bsp/install/lib/debug/\libmetal.a(riscv_cpu.o)
                0x0000000020012ba4                __metal_interrupt_external_enable
 .text.__metal_interrupt_external_disable
                0x0000000020012bc0       0x1c C:/Users/Michiel/wsFreedomStudio/BareMetalSPI/bsp/install/lib/debug/\libmetal.a(riscv_cpu.o)
                0x0000000020012bc0                __metal_interrupt_external_disable
 .text.__metal_interrupt_local_enable
                0x0000000020012bdc       0x2c C:/Users/Michiel/wsFreedomStudio/BareMetalSPI/bsp/install/lib/debug/\libmetal.a(riscv_cpu.o)
                0x0000000020012bdc                __metal_interrupt_local_enable
 .text.__metal_interrupt_local_disable
                0x0000000020012c08       0x2c C:/Users/Michiel/wsFreedomStudio/BareMetalSPI/bsp/install/lib/debug/\libmetal.a(riscv_cpu.o)
                0x0000000020012c08                __metal_interrupt_local_disable
 .text.__metal_default_exception_handler
                0x0000000020012c34       0x18 C:/Users/Michiel/wsFreedomStudio/BareMetalSPI/bsp/install/lib/debug/\libmetal.a(riscv_cpu.o)
                0x0000000020012c34                __metal_default_exception_handler
 .text.__metal_default_interrupt_handler
                0x0000000020012c4c       0x18 C:/Users/Michiel/wsFreedomStudio/BareMetalSPI/bsp/install/lib/debug/\libmetal.a(riscv_cpu.o)
                0x0000000020012c4c                __metal_default_interrupt_handler
 .text.metal_interrupt_vector_handler
                0x0000000020012c64       0x2e C:/Users/Michiel/wsFreedomStudio/BareMetalSPI/bsp/install/lib/debug/\libmetal.a(riscv_cpu.o)
                0x0000000020012c64                metal_interrupt_vector_handler
 .text.metal_software_interrupt_vector_handler
                0x0000000020012c92       0x92 C:/Users/Michiel/wsFreedomStudio/BareMetalSPI/bsp/install/lib/debug/\libmetal.a(riscv_cpu.o)
                0x0000000020012c92                metal_software_interrupt_vector_handler
 .text.__metal_default_sw_handler
                0x0000000020012d24       0x68 C:/Users/Michiel/wsFreedomStudio/BareMetalSPI/bsp/install/lib/debug/\libmetal.a(riscv_cpu.o)
                0x0000000020012d24                __metal_default_sw_handler
 .text.metal_timer_interrupt_vector_handler
                0x0000000020012d8c       0x92 C:/Users/Michiel/wsFreedomStudio/BareMetalSPI/bsp/install/lib/debug/\libmetal.a(riscv_cpu.o)
                0x0000000020012d8c                metal_timer_interrupt_vector_handler
 .text.__metal_default_beu_handler
                0x0000000020012e1e       0x16 C:/Users/Michiel/wsFreedomStudio/BareMetalSPI/bsp/install/lib/debug/\libmetal.a(riscv_cpu.o)
                0x0000000020012e1e                __metal_default_beu_handler
 .text.__metal_default_timer_handler
                0x0000000020012e34       0x66 C:/Users/Michiel/wsFreedomStudio/BareMetalSPI/bsp/install/lib/debug/\libmetal.a(riscv_cpu.o)
                0x0000000020012e34                __metal_default_timer_handler
 *fill*         0x0000000020012e9a       0x66 
 .text.__metal_exception_handler
                0x0000000020012f00      0x1f6 C:/Users/Michiel/wsFreedomStudio/BareMetalSPI/bsp/install/lib/debug/\libmetal.a(riscv_cpu.o)
                0x0000000020012f00                __metal_exception_handler
 .text.metal_lc0_interrupt_vector_handler
                0x00000000200130f6       0x96 C:/Users/Michiel/wsFreedomStudio/BareMetalSPI/bsp/install/lib/debug/\libmetal.a(riscv_cpu.o)
                0x00000000200130f6                metal_lc0_interrupt_vector_handler
 .text.metal_lc1_interrupt_vector_handler
                0x000000002001318c       0x96 C:/Users/Michiel/wsFreedomStudio/BareMetalSPI/bsp/install/lib/debug/\libmetal.a(riscv_cpu.o)
                0x000000002001318c                metal_lc1_interrupt_vector_handler
 .text.metal_lc2_interrupt_vector_handler
                0x0000000020013222       0x96 C:/Users/Michiel/wsFreedomStudio/BareMetalSPI/bsp/install/lib/debug/\libmetal.a(riscv_cpu.o)
                0x0000000020013222                metal_lc2_interrupt_vector_handler
 .text.metal_lc3_interrupt_vector_handler
                0x00000000200132b8       0x96 C:/Users/Michiel/wsFreedomStudio/BareMetalSPI/bsp/install/lib/debug/\libmetal.a(riscv_cpu.o)
                0x00000000200132b8                metal_lc3_interrupt_vector_handler
 .text.metal_lc4_interrupt_vector_handler
                0x000000002001334e       0x96 C:/Users/Michiel/wsFreedomStudio/BareMetalSPI/bsp/install/lib/debug/\libmetal.a(riscv_cpu.o)
                0x000000002001334e                metal_lc4_interrupt_vector_handler
 .text.metal_lc5_interrupt_vector_handler
                0x00000000200133e4       0x96 C:/Users/Michiel/wsFreedomStudio/BareMetalSPI/bsp/install/lib/debug/\libmetal.a(riscv_cpu.o)
                0x00000000200133e4                metal_lc5_interrupt_vector_handler
 .text.metal_lc6_interrupt_vector_handler
                0x000000002001347a       0x96 C:/Users/Michiel/wsFreedomStudio/BareMetalSPI/bsp/install/lib/debug/\libmetal.a(riscv_cpu.o)
                0x000000002001347a                metal_lc6_interrupt_vector_handler
 .text.metal_lc7_interrupt_vector_handler
                0x0000000020013510       0x96 C:/Users/Michiel/wsFreedomStudio/BareMetalSPI/bsp/install/lib/debug/\libmetal.a(riscv_cpu.o)
                0x0000000020013510                metal_lc7_interrupt_vector_handler
 .text.metal_lc8_interrupt_vector_handler
                0x00000000200135a6       0x96 C:/Users/Michiel/wsFreedomStudio/BareMetalSPI/bsp/install/lib/debug/\libmetal.a(riscv_cpu.o)
                0x00000000200135a6                metal_lc8_interrupt_vector_handler
 .text.metal_lc9_interrupt_vector_handler
                0x000000002001363c       0x96 C:/Users/Michiel/wsFreedomStudio/BareMetalSPI/bsp/install/lib/debug/\libmetal.a(riscv_cpu.o)
                0x000000002001363c                metal_lc9_interrupt_vector_handler
 .text.metal_lc10_interrupt_vector_handler
                0x00000000200136d2       0x96 C:/Users/Michiel/wsFreedomStudio/BareMetalSPI/bsp/install/lib/debug/\libmetal.a(riscv_cpu.o)
                0x00000000200136d2                metal_lc10_interrupt_vector_handler
 .text.metal_lc11_interrupt_vector_handler
                0x0000000020013768       0x96 C:/Users/Michiel/wsFreedomStudio/BareMetalSPI/bsp/install/lib/debug/\libmetal.a(riscv_cpu.o)
                0x0000000020013768                metal_lc11_interrupt_vector_handler
 .text.metal_lc12_interrupt_vector_handler
                0x00000000200137fe       0x96 C:/Users/Michiel/wsFreedomStudio/BareMetalSPI/bsp/install/lib/debug/\libmetal.a(riscv_cpu.o)
                0x00000000200137fe                metal_lc12_interrupt_vector_handler
 .text.metal_lc13_interrupt_vector_handler
                0x0000000020013894       0x96 C:/Users/Michiel/wsFreedomStudio/BareMetalSPI/bsp/install/lib/debug/\libmetal.a(riscv_cpu.o)
                0x0000000020013894                metal_lc13_interrupt_vector_handler
 .text.metal_lc14_interrupt_vector_handler
                0x000000002001392a       0x96 C:/Users/Michiel/wsFreedomStudio/BareMetalSPI/bsp/install/lib/debug/\libmetal.a(riscv_cpu.o)
                0x000000002001392a                metal_lc14_interrupt_vector_handler
 .text.metal_lc15_interrupt_vector_handler
                0x00000000200139c0       0x96 C:/Users/Michiel/wsFreedomStudio/BareMetalSPI/bsp/install/lib/debug/\libmetal.a(riscv_cpu.o)
                0x00000000200139c0                metal_lc15_interrupt_vector_handler
 .text.__metal_controller_interrupt_vector_mode
                0x0000000020013a56       0x50 C:/Users/Michiel/wsFreedomStudio/BareMetalSPI/bsp/install/lib/debug/\libmetal.a(riscv_cpu.o)
                0x0000000020013a56                __metal_controller_interrupt_vector_mode
 .text.__metal_controller_interrupt_vector
                0x0000000020013aa6       0x98 C:/Users/Michiel/wsFreedomStudio/BareMetalSPI/bsp/install/lib/debug/\libmetal.a(riscv_cpu.o)
                0x0000000020013aa6                __metal_controller_interrupt_vector
 .text.__metal_valid_interrupt_id
                0x0000000020013b3e       0x64 C:/Users/Michiel/wsFreedomStudio/BareMetalSPI/bsp/install/lib/debug/\libmetal.a(riscv_cpu.o)
                0x0000000020013b3e                __metal_valid_interrupt_id
 .text.__metal_local_interrupt_enable
                0x0000000020013ba2       0xbc C:/Users/Michiel/wsFreedomStudio/BareMetalSPI/bsp/install/lib/debug/\libmetal.a(riscv_cpu.o)
                0x0000000020013ba2                __metal_local_interrupt_enable
 .text.__metal_exception_register
                0x0000000020013c5e       0x4e C:/Users/Michiel/wsFreedomStudio/BareMetalSPI/bsp/install/lib/debug/\libmetal.a(riscv_cpu.o)
                0x0000000020013c5e                __metal_exception_register
 .text.__metal_driver_riscv_cpu_controller_interrupt_init
                0x0000000020013cac       0xe2 C:/Users/Michiel/wsFreedomStudio/BareMetalSPI/bsp/install/lib/debug/\libmetal.a(riscv_cpu.o)
                0x0000000020013cac                __metal_driver_riscv_cpu_controller_interrupt_init
 .text.__metal_driver_riscv_cpu_controller_interrupt_register
                0x0000000020013d8e      0x1d6 C:/Users/Michiel/wsFreedomStudio/BareMetalSPI/bsp/install/lib/debug/\libmetal.a(riscv_cpu.o)
                0x0000000020013d8e                __metal_driver_riscv_cpu_controller_interrupt_register
 .text.__metal_driver_riscv_cpu_controller_interrupt_enable
                0x0000000020013f64       0x2a C:/Users/Michiel/wsFreedomStudio/BareMetalSPI/bsp/install/lib/debug/\libmetal.a(riscv_cpu.o)
                0x0000000020013f64                __metal_driver_riscv_cpu_controller_interrupt_enable
 .text.__metal_driver_riscv_cpu_controller_interrupt_disable
                0x0000000020013f8e       0x2a C:/Users/Michiel/wsFreedomStudio/BareMetalSPI/bsp/install/lib/debug/\libmetal.a(riscv_cpu.o)
                0x0000000020013f8e                __metal_driver_riscv_cpu_controller_interrupt_disable
 .text.__metal_driver_riscv_cpu_controller_get_vector_mode
                0x0000000020013fb8       0x1c C:/Users/Michiel/wsFreedomStudio/BareMetalSPI/bsp/install/lib/debug/\libmetal.a(riscv_cpu.o)
                0x0000000020013fb8                __metal_driver_riscv_cpu_controller_get_vector_mode
 .text.__metal_driver_riscv_cpu_controller_set_vector_mode
                0x0000000020013fd4       0x54 C:/Users/Michiel/wsFreedomStudio/BareMetalSPI/bsp/install/lib/debug/\libmetal.a(riscv_cpu.o)
                0x0000000020013fd4                __metal_driver_riscv_cpu_controller_set_vector_mode
 .text.__metal_driver_riscv_cpu_controller_command_request
                0x0000000020014028       0x1c C:/Users/Michiel/wsFreedomStudio/BareMetalSPI/bsp/install/lib/debug/\libmetal.a(riscv_cpu.o)
                0x0000000020014028                __metal_driver_riscv_cpu_controller_command_request
 .text.__metal_driver_cpu_mcycle_get
                0x0000000020014044       0x72 C:/Users/Michiel/wsFreedomStudio/BareMetalSPI/bsp/install/lib/debug/\libmetal.a(riscv_cpu.o)
                0x0000000020014044                __metal_driver_cpu_mcycle_get
 .text.__metal_driver_cpu_timebase_get
                0x00000000200140b6       0x46 C:/Users/Michiel/wsFreedomStudio/BareMetalSPI/bsp/install/lib/debug/\libmetal.a(riscv_cpu.o)
                0x00000000200140b6                __metal_driver_cpu_timebase_get
 .text.__metal_driver_cpu_mtime_get
                0x00000000200140fc       0x66 C:/Users/Michiel/wsFreedomStudio/BareMetalSPI/bsp/install/lib/debug/\libmetal.a(riscv_cpu.o)
                0x00000000200140fc                __metal_driver_cpu_mtime_get
 .text.__metal_driver_cpu_mtimecmp_set
                0x0000000020014162       0x76 C:/Users/Michiel/wsFreedomStudio/BareMetalSPI/bsp/install/lib/debug/\libmetal.a(riscv_cpu.o)
                0x0000000020014162                __metal_driver_cpu_mtimecmp_set
 .text.__metal_driver_cpu_timer_controller_interrupt
                0x00000000200141d8       0x1a C:/Users/Michiel/wsFreedomStudio/BareMetalSPI/bsp/install/lib/debug/\libmetal.a(riscv_cpu.o)
                0x00000000200141d8                __metal_driver_cpu_timer_controller_interrupt
 .text.__metal_driver_cpu_get_timer_interrupt_id
                0x00000000200141f2       0x14 C:/Users/Michiel/wsFreedomStudio/BareMetalSPI/bsp/install/lib/debug/\libmetal.a(riscv_cpu.o)
                0x00000000200141f2                __metal_driver_cpu_get_timer_interrupt_id
 .text.__metal_driver_cpu_sw_controller_interrupt
                0x0000000020014206       0x1a C:/Users/Michiel/wsFreedomStudio/BareMetalSPI/bsp/install/lib/debug/\libmetal.a(riscv_cpu.o)
                0x0000000020014206                __metal_driver_cpu_sw_controller_interrupt
 .text.__metal_driver_cpu_get_sw_interrupt_id
                0x0000000020014220       0x14 C:/Users/Michiel/wsFreedomStudio/BareMetalSPI/bsp/install/lib/debug/\libmetal.a(riscv_cpu.o)
                0x0000000020014220                __metal_driver_cpu_get_sw_interrupt_id
 .text.__metal_driver_cpu_set_sw_ipi
                0x0000000020014234       0x62 C:/Users/Michiel/wsFreedomStudio/BareMetalSPI/bsp/install/lib/debug/\libmetal.a(riscv_cpu.o)
                0x0000000020014234                __metal_driver_cpu_set_sw_ipi
 .text.__metal_driver_cpu_clear_sw_ipi
                0x0000000020014296       0x62 C:/Users/Michiel/wsFreedomStudio/BareMetalSPI/bsp/install/lib/debug/\libmetal.a(riscv_cpu.o)
                0x0000000020014296                __metal_driver_cpu_clear_sw_ipi
 .text.__metal_driver_cpu_get_msip
                0x00000000200142f8       0x60 C:/Users/Michiel/wsFreedomStudio/BareMetalSPI/bsp/install/lib/debug/\libmetal.a(riscv_cpu.o)
                0x00000000200142f8                __metal_driver_cpu_get_msip
 .text.__metal_driver_cpu_controller_interrupt
                0x0000000020014358       0x20 C:/Users/Michiel/wsFreedomStudio/BareMetalSPI/bsp/install/lib/debug/\libmetal.a(riscv_cpu.o)
                0x0000000020014358                __metal_driver_cpu_controller_interrupt
 .text.__metal_driver_cpu_exception_register
                0x0000000020014378       0x46 C:/Users/Michiel/wsFreedomStudio/BareMetalSPI/bsp/install/lib/debug/\libmetal.a(riscv_cpu.o)
                0x0000000020014378                __metal_driver_cpu_exception_register
 .text.__metal_driver_cpu_get_instruction_length
                0x00000000200143be       0x2e C:/Users/Michiel/wsFreedomStudio/BareMetalSPI/bsp/install/lib/debug/\libmetal.a(riscv_cpu.o)
                0x00000000200143be                __metal_driver_cpu_get_instruction_length
 .text.__metal_driver_cpu_get_exception_pc
                0x00000000200143ec       0x1e C:/Users/Michiel/wsFreedomStudio/BareMetalSPI/bsp/install/lib/debug/\libmetal.a(riscv_cpu.o)
                0x00000000200143ec                __metal_driver_cpu_get_exception_pc
 .text.__metal_driver_cpu_set_exception_pc
                0x000000002001440a       0x20 C:/Users/Michiel/wsFreedomStudio/BareMetalSPI/bsp/install/lib/debug/\libmetal.a(riscv_cpu.o)
                0x000000002001440a                __metal_driver_cpu_set_exception_pc
 .text.__metal_driver_cpu_get_buserror
                0x000000002001442a       0x20 C:/Users/Michiel/wsFreedomStudio/BareMetalSPI/bsp/install/lib/debug/\libmetal.a(riscv_cpu.o)
                0x000000002001442a                __metal_driver_cpu_get_buserror
 .text.__metal_driver_sifive_plic0_control_base
                0x000000002001444a       0x2a C:/Users/Michiel/wsFreedomStudio/BareMetalSPI/bsp/install/lib/debug/\libmetal.a(riscv_plic0.o)
 .text.__metal_driver_sifive_plic0_num_interrupts
                0x0000000020014474       0x2a C:/Users/Michiel/wsFreedomStudio/BareMetalSPI/bsp/install/lib/debug/\libmetal.a(riscv_plic0.o)
 .text.__metal_driver_sifive_plic0_max_priority
                0x000000002001449e       0x28 C:/Users/Michiel/wsFreedomStudio/BareMetalSPI/bsp/install/lib/debug/\libmetal.a(riscv_plic0.o)
 .text.__metal_driver_sifive_plic0_interrupt_parents
                0x00000000200144c6       0x28 C:/Users/Michiel/wsFreedomStudio/BareMetalSPI/bsp/install/lib/debug/\libmetal.a(riscv_plic0.o)
 .text.__metal_driver_sifive_plic0_interrupt_lines
                0x00000000200144ee       0x22 C:/Users/Michiel/wsFreedomStudio/BareMetalSPI/bsp/install/lib/debug/\libmetal.a(riscv_plic0.o)
 .text.__metal_driver_sifive_plic0_context_ids
                0x0000000020014510       0x1e C:/Users/Michiel/wsFreedomStudio/BareMetalSPI/bsp/install/lib/debug/\libmetal.a(riscv_plic0.o)
 .text.__metal_plic0_claim_interrupt
                0x000000002001452e       0x3c C:/Users/Michiel/wsFreedomStudio/BareMetalSPI/bsp/install/lib/debug/\libmetal.a(riscv_plic0.o)
                0x000000002001452e                __metal_plic0_claim_interrupt
 .text.__metal_plic0_complete_interrupt
                0x000000002001456a       0x46 C:/Users/Michiel/wsFreedomStudio/BareMetalSPI/bsp/install/lib/debug/\libmetal.a(riscv_plic0.o)
                0x000000002001456a                __metal_plic0_complete_interrupt
 .text.__metal_plic0_set_threshold
                0x00000000200145b0       0x46 C:/Users/Michiel/wsFreedomStudio/BareMetalSPI/bsp/install/lib/debug/\libmetal.a(riscv_plic0.o)
                0x00000000200145b0                __metal_plic0_set_threshold
 .text.__metal_plic0_get_threshold
                0x00000000200145f6       0x3a C:/Users/Michiel/wsFreedomStudio/BareMetalSPI/bsp/install/lib/debug/\libmetal.a(riscv_plic0.o)
                0x00000000200145f6                __metal_plic0_get_threshold
 .text.__metal_driver_riscv_plic0_set_priority
                0x0000000020014630       0x62 C:/Users/Michiel/wsFreedomStudio/BareMetalSPI/bsp/install/lib/debug/\libmetal.a(riscv_plic0.o)
                0x0000000020014630                __metal_driver_riscv_plic0_set_priority
 .text.__metal_driver_riscv_plic0_get_priority
                0x0000000020014692       0x34 C:/Users/Michiel/wsFreedomStudio/BareMetalSPI/bsp/install/lib/debug/\libmetal.a(riscv_plic0.o)
                0x0000000020014692                __metal_driver_riscv_plic0_get_priority
 .text.__metal_plic0_enable
                0x00000000200146c6       0xa2 C:/Users/Michiel/wsFreedomStudio/BareMetalSPI/bsp/install/lib/debug/\libmetal.a(riscv_plic0.o)
                0x00000000200146c6                __metal_plic0_enable
 .text.__metal_plic0_default_handler
                0x0000000020014768       0x18 C:/Users/Michiel/wsFreedomStudio/BareMetalSPI/bsp/install/lib/debug/\libmetal.a(riscv_plic0.o)
                0x0000000020014768                __metal_plic0_default_handler
 .text.__metal_plic0_handler
                0x0000000020014780       0xa4 C:/Users/Michiel/wsFreedomStudio/BareMetalSPI/bsp/install/lib/debug/\libmetal.a(riscv_plic0.o)
                0x0000000020014780                __metal_plic0_handler
 .text.__metal_driver_riscv_plic0_init
                0x0000000020014824      0x150 C:/Users/Michiel/wsFreedomStudio/BareMetalSPI/bsp/install/lib/debug/\libmetal.a(riscv_plic0.o)
                0x0000000020014824                __metal_driver_riscv_plic0_init
 .text.__metal_driver_riscv_plic0_register
                0x0000000020014974       0xbe C:/Users/Michiel/wsFreedomStudio/BareMetalSPI/bsp/install/lib/debug/\libmetal.a(riscv_plic0.o)
                0x0000000020014974                __metal_driver_riscv_plic0_register
 .text.__metal_driver_riscv_plic0_enable
                0x0000000020014a32       0x4e C:/Users/Michiel/wsFreedomStudio/BareMetalSPI/bsp/install/lib/debug/\libmetal.a(riscv_plic0.o)
                0x0000000020014a32                __metal_driver_riscv_plic0_enable
 .text.__metal_driver_riscv_plic0_disable
                0x0000000020014a80       0x50 C:/Users/Michiel/wsFreedomStudio/BareMetalSPI/bsp/install/lib/debug/\libmetal.a(riscv_plic0.o)
                0x0000000020014a80                __metal_driver_riscv_plic0_disable
 .text.__metal_driver_riscv_plic0_set_threshold
                0x0000000020014ad0       0x30 C:/Users/Michiel/wsFreedomStudio/BareMetalSPI/bsp/install/lib/debug/\libmetal.a(riscv_plic0.o)
                0x0000000020014ad0                __metal_driver_riscv_plic0_set_threshold
 .text.__metal_driver_riscv_plic0_get_threshold
                0x0000000020014b00       0x28 C:/Users/Michiel/wsFreedomStudio/BareMetalSPI/bsp/install/lib/debug/\libmetal.a(riscv_plic0.o)
                0x0000000020014b00                __metal_driver_riscv_plic0_get_threshold
 .text.__metal_driver_riscv_plic0_affinity_enable
                0x0000000020014b28       0x9c C:/Users/Michiel/wsFreedomStudio/BareMetalSPI/bsp/install/lib/debug/\libmetal.a(riscv_plic0.o)
                0x0000000020014b28                __metal_driver_riscv_plic0_affinity_enable
 .text.__metal_driver_riscv_plic0_affinity_disable
                0x0000000020014bc4       0x9c C:/Users/Michiel/wsFreedomStudio/BareMetalSPI/bsp/install/lib/debug/\libmetal.a(riscv_plic0.o)
                0x0000000020014bc4                __metal_driver_riscv_plic0_affinity_disable
 .text.__metal_driver_riscv_plic0_affinity_set_threshold
                0x0000000020014c60       0x74 C:/Users/Michiel/wsFreedomStudio/BareMetalSPI/bsp/install/lib/debug/\libmetal.a(riscv_plic0.o)
                0x0000000020014c60                __metal_driver_riscv_plic0_affinity_set_threshold
 .text.__metal_driver_riscv_plic0_affinity_get_threshold
                0x0000000020014cd4       0x28 C:/Users/Michiel/wsFreedomStudio/BareMetalSPI/bsp/install/lib/debug/\libmetal.a(riscv_plic0.o)
                0x0000000020014cd4                __metal_driver_riscv_plic0_affinity_get_threshold
 .text.__metal_driver_sifive_fe310_g000_hfrosc_ref
                0x0000000020014cfc       0x1a C:/Users/Michiel/wsFreedomStudio/BareMetalSPI/bsp/install/lib/debug/\libmetal.a(sifive_fe310-g000_hfrosc.o)
 .text.__metal_driver_sifive_fe310_g000_hfrosc_config_base
                0x0000000020014d16       0x16 C:/Users/Michiel/wsFreedomStudio/BareMetalSPI/bsp/install/lib/debug/\libmetal.a(sifive_fe310-g000_hfrosc.o)
 .text.__metal_driver_sifive_fe310_g000_hfrosc_config_offset
                0x0000000020014d2c       0x14 C:/Users/Michiel/wsFreedomStudio/BareMetalSPI/bsp/install/lib/debug/\libmetal.a(sifive_fe310-g000_hfrosc.o)
 .text.__metal_driver_sifive_fe310_g000_prci_vtable
                0x0000000020014d40       0x12 C:/Users/Michiel/wsFreedomStudio/BareMetalSPI/bsp/install/lib/debug/\libmetal.a(sifive_fe310-g000_hfrosc.o)
 .text.__metal_driver_sifive_fe310_g000_hfrosc_get_rate_hz
                0x0000000020014d52       0x84 C:/Users/Michiel/wsFreedomStudio/BareMetalSPI/bsp/install/lib/debug/\libmetal.a(sifive_fe310-g000_hfrosc.o)
                0x0000000020014d52                __metal_driver_sifive_fe310_g000_hfrosc_get_rate_hz
 .text.__metal_driver_sifive_fe310_g000_hfrosc_set_rate_hz
                0x0000000020014dd6       0x22 C:/Users/Michiel/wsFreedomStudio/BareMetalSPI/bsp/install/lib/debug/\libmetal.a(sifive_fe310-g000_hfrosc.o)
                0x0000000020014dd6                __metal_driver_sifive_fe310_g000_hfrosc_set_rate_hz
 .text.__metal_driver_sifive_fe310_g000_hfxosc_ref
                0x0000000020014df8       0x1a C:/Users/Michiel/wsFreedomStudio/BareMetalSPI/bsp/install/lib/debug/\libmetal.a(sifive_fe310-g000_hfxosc.o)
 .text.__metal_driver_sifive_fe310_g000_hfxosc_config_base
                0x0000000020014e12       0x16 C:/Users/Michiel/wsFreedomStudio/BareMetalSPI/bsp/install/lib/debug/\libmetal.a(sifive_fe310-g000_hfxosc.o)
 .text.__metal_driver_sifive_fe310_g000_hfxosc_config_offset
                0x0000000020014e28       0x14 C:/Users/Michiel/wsFreedomStudio/BareMetalSPI/bsp/install/lib/debug/\libmetal.a(sifive_fe310-g000_hfxosc.o)
 .text.__metal_driver_sifive_fe310_g000_prci_vtable
                0x0000000020014e3c       0x12 C:/Users/Michiel/wsFreedomStudio/BareMetalSPI/bsp/install/lib/debug/\libmetal.a(sifive_fe310-g000_hfxosc.o)
 .text.__metal_driver_sifive_fe310_g000_hfxosc_get_rate_hz
                0x0000000020014e4e       0x74 C:/Users/Michiel/wsFreedomStudio/BareMetalSPI/bsp/install/lib/debug/\libmetal.a(sifive_fe310-g000_hfxosc.o)
                0x0000000020014e4e                __metal_driver_sifive_fe310_g000_hfxosc_get_rate_hz
 .text.__metal_driver_sifive_fe310_g000_hfxosc_set_rate_hz
                0x0000000020014ec2       0x22 C:/Users/Michiel/wsFreedomStudio/BareMetalSPI/bsp/install/lib/debug/\libmetal.a(sifive_fe310-g000_hfxosc.o)
                0x0000000020014ec2                __metal_driver_sifive_fe310_g000_hfxosc_set_rate_hz
 .text.__metal_driver_sifive_fe310_g000_pll_pllsel0
                0x0000000020014ee4       0x1a C:/Users/Michiel/wsFreedomStudio/BareMetalSPI/bsp/install/lib/debug/\libmetal.a(sifive_fe310-g000_pll.o)
 .text.__metal_driver_sifive_fe310_g000_pll_pllref
                0x0000000020014efe       0x1a C:/Users/Michiel/wsFreedomStudio/BareMetalSPI/bsp/install/lib/debug/\libmetal.a(sifive_fe310-g000_pll.o)
 .text.__metal_driver_sifive_fe310_g000_pll_divider_base
                0x0000000020014f18       0x16 C:/Users/Michiel/wsFreedomStudio/BareMetalSPI/bsp/install/lib/debug/\libmetal.a(sifive_fe310-g000_pll.o)
 .text.__metal_driver_sifive_fe310_g000_pll_divider_offset
                0x0000000020014f2e       0x14 C:/Users/Michiel/wsFreedomStudio/BareMetalSPI/bsp/install/lib/debug/\libmetal.a(sifive_fe310-g000_pll.o)
 .text.__metal_driver_sifive_fe310_g000_pll_config_base
                0x0000000020014f42       0x12 C:/Users/Michiel/wsFreedomStudio/BareMetalSPI/bsp/install/lib/debug/\libmetal.a(sifive_fe310-g000_pll.o)
 .text.__metal_driver_sifive_fe310_g000_pll_config_offset
                0x0000000020014f54       0x10 C:/Users/Michiel/wsFreedomStudio/BareMetalSPI/bsp/install/lib/debug/\libmetal.a(sifive_fe310-g000_pll.o)
 .text.__metal_driver_sifive_fe310_g000_pll_init_rate
                0x0000000020014f64       0x16 C:/Users/Michiel/wsFreedomStudio/BareMetalSPI/bsp/install/lib/debug/\libmetal.a(sifive_fe310-g000_pll.o)
 .text.__metal_driver_sifive_fe310_g000_prci_base
                0x0000000020014f7a       0x12 C:/Users/Michiel/wsFreedomStudio/BareMetalSPI/bsp/install/lib/debug/\libmetal.a(sifive_fe310-g000_pll.o)
 .text.__metal_driver_sifive_fe310_g000_prci_vtable
                0x0000000020014f8c       0x12 C:/Users/Michiel/wsFreedomStudio/BareMetalSPI/bsp/install/lib/debug/\libmetal.a(sifive_fe310-g000_pll.o)
 .text.get_pll_config_freq
                0x0000000020014f9e       0x4e C:/Users/Michiel/wsFreedomStudio/BareMetalSPI/bsp/install/lib/debug/\libmetal.a(sifive_fe310-g000_pll.o)
 .text.__metal_driver_sifive_fe310_g000_pll_init
                0x0000000020014fec       0xa4 C:/Users/Michiel/wsFreedomStudio/BareMetalSPI/bsp/install/lib/debug/\libmetal.a(sifive_fe310-g000_pll.o)
                0x0000000020014fec                __metal_driver_sifive_fe310_g000_pll_init
 .text.__metal_driver_sifive_fe310_g000_pll_get_rate_hz
                0x0000000020015090      0x170 C:/Users/Michiel/wsFreedomStudio/BareMetalSPI/bsp/install/lib/debug/\libmetal.a(sifive_fe310-g000_pll.o)
                0x0000000020015090                __metal_driver_sifive_fe310_g000_pll_get_rate_hz
 .text.find_closest_config
                0x0000000020015200       0xaa C:/Users/Michiel/wsFreedomStudio/BareMetalSPI/bsp/install/lib/debug/\libmetal.a(sifive_fe310-g000_pll.o)
 .text.configure_pll
                0x00000000200152aa      0x1ac C:/Users/Michiel/wsFreedomStudio/BareMetalSPI/bsp/install/lib/debug/\libmetal.a(sifive_fe310-g000_pll.o)
 .text.__metal_driver_sifive_fe310_g000_pll_set_rate_hz
                0x0000000020015456      0x164 C:/Users/Michiel/wsFreedomStudio/BareMetalSPI/bsp/install/lib/debug/\libmetal.a(sifive_fe310-g000_pll.o)
                0x0000000020015456                __metal_driver_sifive_fe310_g000_pll_set_rate_hz
 .text.__metal_driver_sifive_fe310_g000_prci_base
                0x00000000200155ba       0x12 C:/Users/Michiel/wsFreedomStudio/BareMetalSPI/bsp/install/lib/debug/\libmetal.a(sifive_fe310-g000_prci.o)
 .text.__metal_driver_sifive_fe310_g000_prci_get_reg
                0x00000000200155cc       0x2e C:/Users/Michiel/wsFreedomStudio/BareMetalSPI/bsp/install/lib/debug/\libmetal.a(sifive_fe310-g000_prci.o)
                0x00000000200155cc                __metal_driver_sifive_fe310_g000_prci_get_reg
 .text.__metal_driver_sifive_fe310_g000_prci_set_reg
                0x00000000200155fa       0x38 C:/Users/Michiel/wsFreedomStudio/BareMetalSPI/bsp/install/lib/debug/\libmetal.a(sifive_fe310-g000_prci.o)
                0x00000000200155fa                __metal_driver_sifive_fe310_g000_prci_set_reg
 .text.__metal_driver_sifive_gpio0_base
                0x0000000020015632       0x26 C:/Users/Michiel/wsFreedomStudio/BareMetalSPI/bsp/install/lib/debug/\libmetal.a(sifive_gpio0.o)
 .text.__metal_driver_sifive_gpio0_interrupt_parent
                0x0000000020015658       0x2a C:/Users/Michiel/wsFreedomStudio/BareMetalSPI/bsp/install/lib/debug/\libmetal.a(sifive_gpio0.o)
 .text.__metal_driver_sifive_gpio0_interrupt_lines
                0x0000000020015682      0x35e C:/Users/Michiel/wsFreedomStudio/BareMetalSPI/bsp/install/lib/debug/\libmetal.a(sifive_gpio0.o)
 .text.__metal_driver_sifive_gpio0_enable_input
                0x00000000200159e0       0x40 C:/Users/Michiel/wsFreedomStudio/BareMetalSPI/bsp/install/lib/debug/\libmetal.a(sifive_gpio0.o)
                0x00000000200159e0                __metal_driver_sifive_gpio0_enable_input
 .text.__metal_driver_sifive_gpio0_disable_input
                0x0000000020015a20       0x46 C:/Users/Michiel/wsFreedomStudio/BareMetalSPI/bsp/install/lib/debug/\libmetal.a(sifive_gpio0.o)
                0x0000000020015a20                __metal_driver_sifive_gpio0_disable_input
 .text.__metal_driver_sifive_gpio0_input
                0x0000000020015a66       0x2a C:/Users/Michiel/wsFreedomStudio/BareMetalSPI/bsp/install/lib/debug/\libmetal.a(sifive_gpio0.o)
                0x0000000020015a66                __metal_driver_sifive_gpio0_input
 .text.__metal_driver_sifive_gpio0_output
                0x0000000020015a90       0x2c C:/Users/Michiel/wsFreedomStudio/BareMetalSPI/bsp/install/lib/debug/\libmetal.a(sifive_gpio0.o)
                0x0000000020015a90                __metal_driver_sifive_gpio0_output
 .text.__metal_driver_sifive_gpio0_disable_output
                0x0000000020015abc       0x46 C:/Users/Michiel/wsFreedomStudio/BareMetalSPI/bsp/install/lib/debug/\libmetal.a(sifive_gpio0.o)
                0x0000000020015abc                __metal_driver_sifive_gpio0_disable_output
 .text.__metal_driver_sifive_gpio0_enable_output
                0x0000000020015b02       0x40 C:/Users/Michiel/wsFreedomStudio/BareMetalSPI/bsp/install/lib/debug/\libmetal.a(sifive_gpio0.o)
                0x0000000020015b02                __metal_driver_sifive_gpio0_enable_output
 .text.__metal_driver_sifive_gpio0_output_set
                0x0000000020015b42       0x40 C:/Users/Michiel/wsFreedomStudio/BareMetalSPI/bsp/install/lib/debug/\libmetal.a(sifive_gpio0.o)
                0x0000000020015b42                __metal_driver_sifive_gpio0_output_set
 .text.__metal_driver_sifive_gpio0_output_clear
                0x0000000020015b82       0x46 C:/Users/Michiel/wsFreedomStudio/BareMetalSPI/bsp/install/lib/debug/\libmetal.a(sifive_gpio0.o)
                0x0000000020015b82                __metal_driver_sifive_gpio0_output_clear
 .text.__metal_driver_sifive_gpio0_output_toggle
                0x0000000020015bc8       0x40 C:/Users/Michiel/wsFreedomStudio/BareMetalSPI/bsp/install/lib/debug/\libmetal.a(sifive_gpio0.o)
                0x0000000020015bc8                __metal_driver_sifive_gpio0_output_toggle
 .text.__metal_driver_sifive_gpio0_enable_io
                0x0000000020015c08       0x62 C:/Users/Michiel/wsFreedomStudio/BareMetalSPI/bsp/install/lib/debug/\libmetal.a(sifive_gpio0.o)
                0x0000000020015c08                __metal_driver_sifive_gpio0_enable_io
 .text.__metal_driver_sifive_gpio0_disable_io
                0x0000000020015c6a       0x4a C:/Users/Michiel/wsFreedomStudio/BareMetalSPI/bsp/install/lib/debug/\libmetal.a(sifive_gpio0.o)
                0x0000000020015c6a                __metal_driver_sifive_gpio0_disable_io
 .text.__metal_driver_sifive_gpio0_config_int
                0x0000000020015cb4      0x206 C:/Users/Michiel/wsFreedomStudio/BareMetalSPI/bsp/install/lib/debug/\libmetal.a(sifive_gpio0.o)
                0x0000000020015cb4                __metal_driver_sifive_gpio0_config_int
 .text.__metal_driver_sifive_gpio0_clear_int
                0x0000000020015eba      0x188 C:/Users/Michiel/wsFreedomStudio/BareMetalSPI/bsp/install/lib/debug/\libmetal.a(sifive_gpio0.o)
                0x0000000020015eba                __metal_driver_sifive_gpio0_clear_int
 .text.__metal_driver_gpio_interrupt_controller
                0x0000000020016042       0x20 C:/Users/Michiel/wsFreedomStudio/BareMetalSPI/bsp/install/lib/debug/\libmetal.a(sifive_gpio0.o)
                0x0000000020016042                __metal_driver_gpio_interrupt_controller
 .text.__metal_driver_gpio_get_interrupt_id
                0x0000000020016062       0x2e C:/Users/Michiel/wsFreedomStudio/BareMetalSPI/bsp/install/lib/debug/\libmetal.a(sifive_gpio0.o)
                0x0000000020016062                __metal_driver_gpio_get_interrupt_id
 .text.__metal_driver_sifive_uart0_control_base
                0x0000000020016090       0x40 C:/Users/Michiel/wsFreedomStudio/BareMetalSPI/bsp/install/lib/debug/\libmetal.a(sifive_uart0.o)
 .text.__metal_driver_sifive_uart0_interrupt_parent
                0x00000000200160d0       0x48 C:/Users/Michiel/wsFreedomStudio/BareMetalSPI/bsp/install/lib/debug/\libmetal.a(sifive_uart0.o)
 .text.__metal_driver_sifive_uart0_interrupt_line
                0x0000000020016118       0x3c C:/Users/Michiel/wsFreedomStudio/BareMetalSPI/bsp/install/lib/debug/\libmetal.a(sifive_uart0.o)
 .text.__metal_driver_sifive_uart0_clock
                0x0000000020016154       0x48 C:/Users/Michiel/wsFreedomStudio/BareMetalSPI/bsp/install/lib/debug/\libmetal.a(sifive_uart0.o)
 .text.__metal_driver_sifive_uart0_pinmux
                0x000000002001619c       0x40 C:/Users/Michiel/wsFreedomStudio/BareMetalSPI/bsp/install/lib/debug/\libmetal.a(sifive_uart0.o)
 .text.__metal_driver_sifive_uart0_pinmux_output_selector
                0x00000000200161dc       0x3c C:/Users/Michiel/wsFreedomStudio/BareMetalSPI/bsp/install/lib/debug/\libmetal.a(sifive_uart0.o)
 .text.__metal_driver_sifive_uart0_pinmux_source_selector
                0x0000000020016218       0x40 C:/Users/Michiel/wsFreedomStudio/BareMetalSPI/bsp/install/lib/debug/\libmetal.a(sifive_uart0.o)
 .text.__metal_driver_sifive_uart0_interrupt_controller
                0x0000000020016258       0x1e C:/Users/Michiel/wsFreedomStudio/BareMetalSPI/bsp/install/lib/debug/\libmetal.a(sifive_uart0.o)
                0x0000000020016258                __metal_driver_sifive_uart0_interrupt_controller
 .text.__metal_driver_sifive_uart0_get_interrupt_id
                0x0000000020016276       0x1e C:/Users/Michiel/wsFreedomStudio/BareMetalSPI/bsp/install/lib/debug/\libmetal.a(sifive_uart0.o)
                0x0000000020016276                __metal_driver_sifive_uart0_get_interrupt_id
 .text.__metal_driver_sifive_uart0_tx_interrupt_enable
                0x0000000020016294       0x3a C:/Users/Michiel/wsFreedomStudio/BareMetalSPI/bsp/install/lib/debug/\libmetal.a(sifive_uart0.o)
                0x0000000020016294                __metal_driver_sifive_uart0_tx_interrupt_enable
 .text.__metal_driver_sifive_uart0_tx_interrupt_disable
                0x00000000200162ce       0x38 C:/Users/Michiel/wsFreedomStudio/BareMetalSPI/bsp/install/lib/debug/\libmetal.a(sifive_uart0.o)
                0x00000000200162ce                __metal_driver_sifive_uart0_tx_interrupt_disable
 .text.__metal_driver_sifive_uart0_rx_interrupt_enable
                0x0000000020016306       0x3a C:/Users/Michiel/wsFreedomStudio/BareMetalSPI/bsp/install/lib/debug/\libmetal.a(sifive_uart0.o)
                0x0000000020016306                __metal_driver_sifive_uart0_rx_interrupt_enable
 .text.__metal_driver_sifive_uart0_rx_interrupt_disable
                0x0000000020016340       0x38 C:/Users/Michiel/wsFreedomStudio/BareMetalSPI/bsp/install/lib/debug/\libmetal.a(sifive_uart0.o)
                0x0000000020016340                __metal_driver_sifive_uart0_rx_interrupt_disable
 .text.__metal_driver_sifive_uart0_txready
                0x0000000020016378       0x30 C:/Users/Michiel/wsFreedomStudio/BareMetalSPI/bsp/install/lib/debug/\libmetal.a(sifive_uart0.o)
                0x0000000020016378                __metal_driver_sifive_uart0_txready
 .text.__metal_driver_sifive_uart0_set_tx_watermark
                0x00000000200163a8       0x4a C:/Users/Michiel/wsFreedomStudio/BareMetalSPI/bsp/install/lib/debug/\libmetal.a(sifive_uart0.o)
                0x00000000200163a8                __metal_driver_sifive_uart0_set_tx_watermark
 .text.__metal_driver_sifive_uart0_get_tx_watermark
                0x00000000200163f2       0x30 C:/Users/Michiel/wsFreedomStudio/BareMetalSPI/bsp/install/lib/debug/\libmetal.a(sifive_uart0.o)
                0x00000000200163f2                __metal_driver_sifive_uart0_get_tx_watermark
 .text.__metal_driver_sifive_uart0_set_rx_watermark
                0x0000000020016422       0x4a C:/Users/Michiel/wsFreedomStudio/BareMetalSPI/bsp/install/lib/debug/\libmetal.a(sifive_uart0.o)
                0x0000000020016422                __metal_driver_sifive_uart0_set_rx_watermark
 .text.__metal_driver_sifive_uart0_get_rx_watermark
                0x000000002001646c       0x30 C:/Users/Michiel/wsFreedomStudio/BareMetalSPI/bsp/install/lib/debug/\libmetal.a(sifive_uart0.o)
                0x000000002001646c                __metal_driver_sifive_uart0_get_rx_watermark
 .text.__metal_driver_sifive_uart0_putc
                0x000000002001649c       0x40 C:/Users/Michiel/wsFreedomStudio/BareMetalSPI/bsp/install/lib/debug/\libmetal.a(sifive_uart0.o)
                0x000000002001649c                __metal_driver_sifive_uart0_putc
 .text.__metal_driver_sifive_uart0_getc
                0x00000000200164dc       0x56 C:/Users/Michiel/wsFreedomStudio/BareMetalSPI/bsp/install/lib/debug/\libmetal.a(sifive_uart0.o)
                0x00000000200164dc                __metal_driver_sifive_uart0_getc
 .text.__metal_driver_sifive_uart0_get_baud_rate
                0x0000000020016532       0x20 C:/Users/Michiel/wsFreedomStudio/BareMetalSPI/bsp/install/lib/debug/\libmetal.a(sifive_uart0.o)
                0x0000000020016532                __metal_driver_sifive_uart0_get_baud_rate
 .text.__metal_driver_sifive_uart0_set_baud_rate
                0x0000000020016552       0xa0 C:/Users/Michiel/wsFreedomStudio/BareMetalSPI/bsp/install/lib/debug/\libmetal.a(sifive_uart0.o)
                0x0000000020016552                __metal_driver_sifive_uart0_set_baud_rate
 .text.pre_rate_change_callback_func
                0x00000000200165f2       0xd8 C:/Users/Michiel/wsFreedomStudio/BareMetalSPI/bsp/install/lib/debug/\libmetal.a(sifive_uart0.o)
 .text.post_rate_change_callback_func
                0x00000000200166ca       0x2e C:/Users/Michiel/wsFreedomStudio/BareMetalSPI/bsp/install/lib/debug/\libmetal.a(sifive_uart0.o)
 .text.__metal_driver_sifive_uart0_init
                0x00000000200166f8       0xd0 C:/Users/Michiel/wsFreedomStudio/BareMetalSPI/bsp/install/lib/debug/\libmetal.a(sifive_uart0.o)
                0x00000000200166f8                __metal_driver_sifive_uart0_init
 .text._metal_clock_call_all_callbacks
                0x00000000200167c8       0x40 C:/Users/Michiel/wsFreedomStudio/BareMetalSPI/bsp/install/lib/debug/\libmetal.a(clock.o)
                0x00000000200167c8                _metal_clock_call_all_callbacks
 .text._metal_clock_append_to_callbacks
                0x0000000020016808       0x54 C:/Users/Michiel/wsFreedomStudio/BareMetalSPI/bsp/install/lib/debug/\libmetal.a(clock.o)
                0x0000000020016808                _metal_clock_append_to_callbacks
 .text.metal_clock_get_rate_hz
                0x000000002001685c       0x26 C:/Users/Michiel/wsFreedomStudio/BareMetalSPI/bsp/install/lib/debug/\libmetal.a(clock.o)
                0x000000002001685c                metal_clock_get_rate_hz
 .text.metal_clock_set_rate_hz
                0x0000000020016882       0x48 C:/Users/Michiel/wsFreedomStudio/BareMetalSPI/bsp/install/lib/debug/\libmetal.a(clock.o)
                0x0000000020016882                metal_clock_set_rate_hz
 .text.metal_clock_register_pre_rate_change_callback
                0x00000000200168ca       0x30 C:/Users/Michiel/wsFreedomStudio/BareMetalSPI/bsp/install/lib/debug/\libmetal.a(clock.o)
                0x00000000200168ca                metal_clock_register_pre_rate_change_callback
 .text.metal_clock_register_post_rate_change_callback
                0x00000000200168fa       0x30 C:/Users/Michiel/wsFreedomStudio/BareMetalSPI/bsp/install/lib/debug/\libmetal.a(clock.o)
                0x00000000200168fa                metal_clock_register_post_rate_change_callback
 .text.metal_cpu_interrupt_controller
                0x000000002001692a       0x26 C:/Users/Michiel/wsFreedomStudio/BareMetalSPI/bsp/install/lib/debug/\libmetal.a(cpu.o)
                0x000000002001692a                metal_cpu_interrupt_controller
 .text.metal_cpu_get
                0x0000000020016950       0x2e C:/Users/Michiel/wsFreedomStudio/BareMetalSPI/bsp/install/lib/debug/\libmetal.a(cpu.o)
                0x0000000020016950                metal_cpu_get
 .text.metal_cpu_get_current_hartid
                0x000000002001697e       0x1a C:/Users/Michiel/wsFreedomStudio/BareMetalSPI/bsp/install/lib/debug/\libmetal.a(cpu.o)
                0x000000002001697e                metal_cpu_get_current_hartid
 .text.metal_shutdown
                0x0000000020016998        0xe C:/Users/Michiel/wsFreedomStudio/BareMetalSPI/bsp/install/lib/debug/\libmetal.a(shutdown.o)
                0x0000000020016998                metal_shutdown
 .text.metal_uart_init
                0x00000000200169a6       0x2c C:/Users/Michiel/wsFreedomStudio/BareMetalSPI/bsp/install/lib/debug/\libmetal.a(uart.o)
                0x00000000200169a6                metal_uart_init
 .text.metal_uart_putc
                0x00000000200169d2       0x2e C:/Users/Michiel/wsFreedomStudio/BareMetalSPI/bsp/install/lib/debug/\libmetal.a(uart.o)
                0x00000000200169d2                metal_uart_putc
 .text.metal_uart_set_baud_rate
                0x0000000020016a00       0x2e C:/Users/Michiel/wsFreedomStudio/BareMetalSPI/bsp/install/lib/debug/\libmetal.a(uart.o)
                0x0000000020016a00                metal_uart_set_baud_rate
 *fill*         0x0000000020016a2e       0x52 
 .text          0x0000000020016a80       0x80 C:/Users/Michiel/wsFreedomStudio/BareMetalSPI/bsp/install/lib/debug/\libmetal.a(vector.o)
                0x0000000020016a80                __metal_vector_table
 .text.__metal_driver_fixed_clock_rate
                0x0000000020016b00       0x70 C:/Users/Michiel/wsFreedomStudio/BareMetalSPI/bsp/install/lib/debug/\libmetal.a(fixed-clock.o)
 .text.__metal_driver_fixed_clock_get_rate_hz
                0x0000000020016b70       0x1e C:/Users/Michiel/wsFreedomStudio/BareMetalSPI/bsp/install/lib/debug/\libmetal.a(fixed-clock.o)
                0x0000000020016b70                __metal_driver_fixed_clock_get_rate_hz
 .text.__metal_driver_fixed_clock_set_rate_hz
                0x0000000020016b8e       0x22 C:/Users/Michiel/wsFreedomStudio/BareMetalSPI/bsp/install/lib/debug/\libmetal.a(fixed-clock.o)
                0x0000000020016b8e                __metal_driver_fixed_clock_set_rate_hz
 .text._close   0x0000000020016bb0       0x22 C:/Users/Michiel/wsFreedomStudio/BareMetalSPI/bsp/install/lib/debug/\libmetal-gloss.a(sys_close.o)
                0x0000000020016bb0                _close
 .text._fstat   0x0000000020016bd2       0x26 C:/Users/Michiel/wsFreedomStudio/BareMetalSPI/bsp/install/lib/debug/\libmetal-gloss.a(sys_fstat.o)
                0x0000000020016bd2                _fstat
 .text._isatty  0x0000000020016bf8       0x20 C:/Users/Michiel/wsFreedomStudio/BareMetalSPI/bsp/install/lib/debug/\libmetal-gloss.a(sys_isatty.o)
                0x0000000020016bf8                _isatty
 .text._lseek   0x0000000020016c18       0x2a C:/Users/Michiel/wsFreedomStudio/BareMetalSPI/bsp/install/lib/debug/\libmetal-gloss.a(sys_lseek.o)
                0x0000000020016c18                _lseek
 .text._read    0x0000000020016c42       0x2a C:/Users/Michiel/wsFreedomStudio/BareMetalSPI/bsp/install/lib/debug/\libmetal-gloss.a(sys_read.o)
                0x0000000020016c42                _read
 .text._sbrk    0x0000000020016c6c       0x5a C:/Users/Michiel/wsFreedomStudio/BareMetalSPI/bsp/install/lib/debug/\libmetal-gloss.a(sys_sbrk.o)
                0x0000000020016c6c                _sbrk
 .text._write   0x0000000020016cc6       0x6e C:/Users/Michiel/wsFreedomStudio/BareMetalSPI/bsp/install/lib/debug/\libmetal-gloss.a(sys_write.o)
                0x0000000020016cc6                _write
                0x0000000020016cc6                write
 .text.atexit   0x0000000020016d34        0xa c:/users/michiel/desktop/freedomstudio/sifive/riscv64-unknown-elf-gcc-8.3.0-2020.04.1/bin/../lib/gcc/riscv64-unknown-elf/8.3.0/../../../../riscv64-unknown-elf/lib/rv32imac/ilp32\libc_nano.a(lib_a-atexit.o)
                0x0000000020016d34                atexit
 .text.__errno  0x0000000020016d3e        0xc c:/users/michiel/desktop/freedomstudio/sifive/riscv64-unknown-elf-gcc-8.3.0-2020.04.1/bin/../lib/gcc/riscv64-unknown-elf/8.3.0/../../../../riscv64-unknown-elf/lib/rv32imac/ilp32\libc_nano.a(lib_a-errno.o)
                0x0000000020016d3e                __errno
 .text.exit     0x0000000020016d4a       0x2a c:/users/michiel/desktop/freedomstudio/sifive/riscv64-unknown-elf-gcc-8.3.0-2020.04.1/bin/../lib/gcc/riscv64-unknown-elf/8.3.0/../../../../riscv64-unknown-elf/lib/rv32imac/ilp32\libc_nano.a(lib_a-exit.o)
                0x0000000020016d4a                exit
 .text.__libc_fini_array
                0x0000000020016d74       0x38 c:/users/michiel/desktop/freedomstudio/sifive/riscv64-unknown-elf-gcc-8.3.0-2020.04.1/bin/../lib/gcc/riscv64-unknown-elf/8.3.0/../../../../riscv64-unknown-elf/lib/rv32imac/ilp32\libc_nano.a(lib_a-fini.o)
                0x0000000020016d74                __libc_fini_array
 .text.__libc_init_array
                0x0000000020016dac       0x6a c:/users/michiel/desktop/freedomstudio/sifive/riscv64-unknown-elf-gcc-8.3.0-2020.04.1/bin/../lib/gcc/riscv64-unknown-elf/8.3.0/../../../../riscv64-unknown-elf/lib/rv32imac/ilp32\libc_nano.a(lib_a-init.o)
                0x0000000020016dac                __libc_init_array
 .text.__register_exitproc
                0x0000000020016e16       0x88 c:/users/michiel/desktop/freedomstudio/sifive/riscv64-unknown-elf-gcc-8.3.0-2020.04.1/bin/../lib/gcc/riscv64-unknown-elf/8.3.0/../../../../riscv64-unknown-elf/lib/rv32imac/ilp32\libc_nano.a(lib_a-__atexit.o)
                0x0000000020016e16                __register_exitproc
 .text.__call_exitprocs
                0x0000000020016e9e       0xc8 c:/users/michiel/desktop/freedomstudio/sifive/riscv64-unknown-elf-gcc-8.3.0-2020.04.1/bin/../lib/gcc/riscv64-unknown-elf/8.3.0/../../../../riscv64-unknown-elf/lib/rv32imac/ilp32\libc_nano.a(lib_a-__call_atexit.o)
                0x0000000020016e9e                __call_exitprocs
 .text.metal_init
                0x0000000020016f66       0x78 C:/Users/Michiel/wsFreedomStudio/BareMetalSPI/bsp/install/lib/debug/\libmetal.a(init.o)
                0x0000000020016f66                metal_init
 .text.metal_fini
                0x0000000020016fde       0x78 C:/Users/Michiel/wsFreedomStudio/BareMetalSPI/bsp/install/lib/debug/\libmetal.a(init.o)
                0x0000000020016fde                metal_fini
 .text.metal_init_run
                0x0000000020017056       0x14 C:/Users/Michiel/wsFreedomStudio/BareMetalSPI/bsp/install/lib/debug/\libmetal.a(init.o)
                0x0000000020017056                metal_init_run
 .text.metal_fini_run
                0x000000002001706a       0x14 C:/Users/Michiel/wsFreedomStudio/BareMetalSPI/bsp/install/lib/debug/\libmetal.a(init.o)
                0x000000002001706a                metal_fini_run
 .text.metal_tty_putc
                0x000000002001707e       0x2c C:/Users/Michiel/wsFreedomStudio/BareMetalSPI/bsp/install/lib/debug/\libmetal.a(tty.o)
                0x000000002001707e                metal_tty_putc
 .text.metal_tty_putc_raw
                0x00000000200170aa       0x28 C:/Users/Michiel/wsFreedomStudio/BareMetalSPI/bsp/install/lib/debug/\libmetal.a(tty.o)
                0x00000000200170aa                metal_tty_putc_raw
 .text._exit    0x00000000200170d2       0x14 C:/Users/Michiel/wsFreedomStudio/BareMetalSPI/bsp/install/lib/debug/\libmetal-gloss.a(sys_exit.o)
                0x00000000200170d2                _exit
 *(.gnu.linkonce.t.*)

.rela.dyn       0x00000000200170e8        0x0
 .rela.text._vfprintf_r
                0x00000000200170e8        0x0 C:\Users\Michiel\AppData\Local\Temp\ccONcg71.o
 .rela.text._sbrk_r
                0x00000000200170e8        0x0 C:\Users\Michiel\AppData\Local\Temp\ccONcg71.o
 .rela.text._write_r
                0x00000000200170e8        0x0 C:\Users\Michiel\AppData\Local\Temp\ccONcg71.o
 .rela.text._close_r
                0x00000000200170e8        0x0 C:\Users\Michiel\AppData\Local\Temp\ccONcg71.o
 .rela.text._lseek_r
                0x00000000200170e8        0x0 C:\Users\Michiel\AppData\Local\Temp\ccONcg71.o
 .rela.text._read_r
                0x00000000200170e8        0x0 C:\Users\Michiel\AppData\Local\Temp\ccONcg71.o
 .rela.text._fstat_r
                0x00000000200170e8        0x0 C:\Users\Michiel\AppData\Local\Temp\ccONcg71.o
 .rela.text._isatty_r
                0x00000000200170e8        0x0 C:\Users\Michiel\AppData\Local\Temp\ccONcg71.o
 .rela.text.__metal_driver_cpu_get
                0x00000000200170e8        0x0 C:\Users\Michiel\AppData\Local\Temp\ccONcg71.o
 .rela.text.metal_software_interrupt_vector_handler
                0x00000000200170e8        0x0 C:\Users\Michiel\AppData\Local\Temp\ccONcg71.o
 .rela.text.__metal_default_sw_handler
                0x00000000200170e8        0x0 C:\Users\Michiel\AppData\Local\Temp\ccONcg71.o
 .rela.text.metal_timer_interrupt_vector_handler
                0x00000000200170e8        0x0 C:\Users\Michiel\AppData\Local\Temp\ccONcg71.o
 .rela.text.__metal_exception_handler
                0x00000000200170e8        0x0 C:\Users\Michiel\AppData\Local\Temp\ccONcg71.o
 .rela.text.metal_lc0_interrupt_vector_handler
                0x00000000200170e8        0x0 C:\Users\Michiel\AppData\Local\Temp\ccONcg71.o
 .rela.text.metal_lc1_interrupt_vector_handler
                0x00000000200170e8        0x0 C:\Users\Michiel\AppData\Local\Temp\ccONcg71.o
 .rela.text.metal_lc2_interrupt_vector_handler
                0x00000000200170e8        0x0 C:\Users\Michiel\AppData\Local\Temp\ccONcg71.o
 .rela.text.metal_lc3_interrupt_vector_handler
                0x00000000200170e8        0x0 C:\Users\Michiel\AppData\Local\Temp\ccONcg71.o
 .rela.text.metal_lc4_interrupt_vector_handler
                0x00000000200170e8        0x0 C:\Users\Michiel\AppData\Local\Temp\ccONcg71.o
 .rela.text.metal_lc5_interrupt_vector_handler
                0x00000000200170e8        0x0 C:\Users\Michiel\AppData\Local\Temp\ccONcg71.o
 .rela.text.metal_lc6_interrupt_vector_handler
                0x00000000200170e8        0x0 C:\Users\Michiel\AppData\Local\Temp\ccONcg71.o
 .rela.text.metal_lc7_interrupt_vector_handler
                0x00000000200170e8        0x0 C:\Users\Michiel\AppData\Local\Temp\ccONcg71.o
 .rela.text.metal_lc8_interrupt_vector_handler
                0x00000000200170e8        0x0 C:\Users\Michiel\AppData\Local\Temp\ccONcg71.o
 .rela.text.metal_lc9_interrupt_vector_handler
                0x00000000200170e8        0x0 C:\Users\Michiel\AppData\Local\Temp\ccONcg71.o
 .rela.text.metal_lc10_interrupt_vector_handler
                0x00000000200170e8        0x0 C:\Users\Michiel\AppData\Local\Temp\ccONcg71.o
 .rela.text.metal_lc11_interrupt_vector_handler
                0x00000000200170e8        0x0 C:\Users\Michiel\AppData\Local\Temp\ccONcg71.o
 .rela.text.metal_lc12_interrupt_vector_handler
                0x00000000200170e8        0x0 C:\Users\Michiel\AppData\Local\Temp\ccONcg71.o
 .rela.text.metal_lc13_interrupt_vector_handler
                0x00000000200170e8        0x0 C:\Users\Michiel\AppData\Local\Temp\ccONcg71.o
 .rela.text.metal_lc14_interrupt_vector_handler
                0x00000000200170e8        0x0 C:\Users\Michiel\AppData\Local\Temp\ccONcg71.o
 .rela.text.metal_lc15_interrupt_vector_handler
                0x00000000200170e8        0x0 C:\Users\Michiel\AppData\Local\Temp\ccONcg71.o
 .rela.text.metal_cpu_get
                0x00000000200170e8        0x0 C:\Users\Michiel\AppData\Local\Temp\ccONcg71.o
 .rela.text.metal.init.enter
                0x00000000200170e8        0x0 C:\Users\Michiel\AppData\Local\Temp\ccONcg71.o
 .rela.text.metal.init.scrub
                0x00000000200170e8        0x0 C:\Users\Michiel\AppData\Local\Temp\ccONcg71.o
 .rela.text     0x00000000200170e8        0x0 C:\Users\Michiel\AppData\Local\Temp\ccONcg71.o
 .rela.text.libgloss.start
                0x00000000200170e8        0x0 C:\Users\Michiel\AppData\Local\Temp\ccONcg71.o
 .rela.sdata.__brk
                0x00000000200170e8        0x0 C:\Users\Michiel\AppData\Local\Temp\ccONcg71.o
 .rela.text._sbrk
                0x00000000200170e8        0x0 C:\Users\Michiel\AppData\Local\Temp\ccONcg71.o
 .rela.text.__libc_fini_array
                0x00000000200170e8        0x0 C:\Users\Michiel\AppData\Local\Temp\ccONcg71.o
 .rela.text.__libc_init_array
                0x00000000200170e8        0x0 C:\Users\Michiel\AppData\Local\Temp\ccONcg71.o
 .rela.text.__register_exitproc
                0x00000000200170e8        0x0 C:\Users\Michiel\AppData\Local\Temp\ccONcg71.o
 .rela.text.metal_init
                0x00000000200170e8        0x0 C:\Users\Michiel\AppData\Local\Temp\ccONcg71.o
 .rela.text.metal_fini
                0x00000000200170e8        0x0 C:\Users\Michiel\AppData\Local\Temp\ccONcg71.o

.data           0x0000000080000000      0xae8 load address 0x00000000200170e8
 *(.data .data.*)
 .data.impure_data
                0x0000000080000000       0x60 c:/users/michiel/desktop/freedomstudio/sifive/riscv64-unknown-elf-gcc-8.3.0-2020.04.1/bin/../lib/gcc/riscv64-unknown-elf/8.3.0/../../../../riscv64-unknown-elf/lib/rv32imac/ilp32\libc_nano.a(lib_a-impure.o)
 .data.__metal_dt_clock_0
                0x0000000080000060        0xc C:/Users/Michiel/wsFreedomStudio/BareMetalSPI/bsp/install/lib/debug/\libmetal.a(inline.o)
                0x0000000080000060                __metal_dt_clock_0
 .data.__metal_dt_clock_2
                0x000000008000006c        0xc C:/Users/Michiel/wsFreedomStudio/BareMetalSPI/bsp/install/lib/debug/\libmetal.a(inline.o)
                0x000000008000006c                __metal_dt_clock_2
 .data.__metal_dt_clock_5
                0x0000000080000078        0xc C:/Users/Michiel/wsFreedomStudio/BareMetalSPI/bsp/install/lib/debug/\libmetal.a(inline.o)
                0x0000000080000078                __metal_dt_clock_5
 .data.__metal_dt_clock_6
                0x0000000080000084        0xc C:/Users/Michiel/wsFreedomStudio/BareMetalSPI/bsp/install/lib/debug/\libmetal.a(inline.o)
                0x0000000080000084                __metal_dt_clock_6
 .data.__metal_dt_cpu_0_interrupt_controller
                0x0000000080000090      0x3d0 C:/Users/Michiel/wsFreedomStudio/BareMetalSPI/bsp/install/lib/debug/\libmetal.a(inline.o)
                0x0000000080000090                __metal_dt_cpu_0_interrupt_controller
 .data.__metal_dt_interrupt_controller_c000000
                0x0000000080000460      0x5d8 C:/Users/Michiel/wsFreedomStudio/BareMetalSPI/bsp/install/lib/debug/\libmetal.a(inline.o)
                0x0000000080000460                __metal_dt_interrupt_controller_c000000
 .data.__metal_dt_serial_10013000
                0x0000000080000a38       0x20 C:/Users/Michiel/wsFreedomStudio/BareMetalSPI/bsp/install/lib/debug/\libmetal.a(inline.o)
                0x0000000080000a38                __metal_dt_serial_10013000
 .data.__metal_dt_serial_10023000
                0x0000000080000a58       0x20 C:/Users/Michiel/wsFreedomStudio/BareMetalSPI/bsp/install/lib/debug/\libmetal.a(inline.o)
                0x0000000080000a58                __metal_dt_serial_10023000
 .data.__metal_dt_clock_3
                0x0000000080000a78        0xc C:/Users/Michiel/wsFreedomStudio/BareMetalSPI/bsp/install/lib/debug/\libmetal.a(inline.o)
                0x0000000080000a78                __metal_dt_clock_3
 .data.__metal_dt_clock_1
                0x0000000080000a84        0xc C:/Users/Michiel/wsFreedomStudio/BareMetalSPI/bsp/install/lib/debug/\libmetal.a(inline.o)
                0x0000000080000a84                __metal_dt_clock_1
 .data.__metal_dt_clock_4
                0x0000000080000a90        0xc C:/Users/Michiel/wsFreedomStudio/BareMetalSPI/bsp/install/lib/debug/\libmetal.a(inline.o)
                0x0000000080000a90                __metal_dt_clock_4
 *(.gnu.linkonce.d.*)
                0x0000000080000aa0                . = ALIGN (0x8)
 *fill*         0x0000000080000a9c        0x4 
                0x00000000800012a0                PROVIDE (__global_pointer$ = (. + 0x800))
 *(.sdata .sdata.* .sdata2.*)
 .sdata.__metal_cpu_table
                0x0000000080000aa0        0x4 C:\Users\Michiel\AppData\Local\Temp\ccLvKjSE.o
                0x0000000080000aa0                __metal_cpu_table
 .sdata._impure_ptr
                0x0000000080000aa4        0x4 c:/users/michiel/desktop/freedomstudio/sifive/riscv64-unknown-elf-gcc-8.3.0-2020.04.1/bin/../lib/gcc/riscv64-unknown-elf/8.3.0/../../../../riscv64-unknown-elf/lib/rv32imac/ilp32\libc_nano.a(lib_a-impure.o)
                0x0000000080000aa4                _impure_ptr
 .sdata2._global_impure_ptr
                0x0000000080000aa8        0x4 c:/users/michiel/desktop/freedomstudio/sifive/riscv64-unknown-elf-gcc-8.3.0-2020.04.1/bin/../lib/gcc/riscv64-unknown-elf/8.3.0/../../../../riscv64-unknown-elf/lib/rv32imac/ilp32\libc_nano.a(lib_a-impure.o)
                0x0000000080000aa8                _global_impure_ptr
 .sdata.__metal_dt_clint_2000000
                0x0000000080000aac        0x8 C:/Users/Michiel/wsFreedomStudio/BareMetalSPI/bsp/install/lib/debug/\libmetal.a(inline.o)
                0x0000000080000aac                __metal_dt_clint_2000000
 .sdata.__metal_dt_cpu_0
                0x0000000080000ab4        0x8 C:/Users/Michiel/wsFreedomStudio/BareMetalSPI/bsp/install/lib/debug/\libmetal.a(inline.o)
                0x0000000080000ab4                __metal_dt_cpu_0
 .sdata.__metal_dt_gpio_10012000
                0x0000000080000abc        0x4 C:/Users/Michiel/wsFreedomStudio/BareMetalSPI/bsp/install/lib/debug/\libmetal.a(inline.o)
                0x0000000080000abc                __metal_dt_gpio_10012000
 .sdata.__metal_dt_prci_10008000
                0x0000000080000ac0        0x4 C:/Users/Michiel/wsFreedomStudio/BareMetalSPI/bsp/install/lib/debug/\libmetal.a(inline.o)
                0x0000000080000ac0                __metal_dt_prci_10008000
 .sdata2.__metal_driver_vtable_sifive_fe310_g000_hfrosc
                0x0000000080000ac4        0x8 C:/Users/Michiel/wsFreedomStudio/BareMetalSPI/bsp/install/lib/debug/\libmetal.a(sifive_fe310-g000_hfrosc.o)
                0x0000000080000ac4                __metal_driver_vtable_sifive_fe310_g000_hfrosc
 .sdata2.__metal_driver_vtable_sifive_fe310_g000_hfxosc
                0x0000000080000acc        0x8 C:/Users/Michiel/wsFreedomStudio/BareMetalSPI/bsp/install/lib/debug/\libmetal.a(sifive_fe310-g000_hfxosc.o)
                0x0000000080000acc                __metal_driver_vtable_sifive_fe310_g000_hfxosc
 .sdata2.__metal_driver_vtable_sifive_fe310_g000_prci
                0x0000000080000ad4        0x8 C:/Users/Michiel/wsFreedomStudio/BareMetalSPI/bsp/install/lib/debug/\libmetal.a(sifive_fe310-g000_prci.o)
                0x0000000080000ad4                __metal_driver_vtable_sifive_fe310_g000_prci
 .sdata2.__metal_driver_vtable_fixed_clock
                0x0000000080000adc        0x8 C:/Users/Michiel/wsFreedomStudio/BareMetalSPI/bsp/install/lib/debug/\libmetal.a(fixed-clock.o)
                0x0000000080000adc                __metal_driver_vtable_fixed_clock
 .sdata.__brk   0x0000000080000ae4        0x4 C:/Users/Michiel/wsFreedomStudio/BareMetalSPI/bsp/install/lib/debug/\libmetal-gloss.a(sys_sbrk.o)
 *(.gnu.linkonce.s.*)

.tdata          0x0000000080000ae8        0x0 load address 0x0000000020017bd0
                0x0000000080000ae8                PROVIDE (__tls_base = .)
 *(.tdata .tdata.* .gnu.linkonce.td.*)
                [!provide]                        PROVIDE (__tdata_source = LOADADDR (.tdata))
                [!provide]                        PROVIDE (__tdata_size = SIZEOF (.tdata))
                0x00000000200170e8                PROVIDE (metal_segment_data_source_start = LOADADDR (.data))
                0x0000000080000000                PROVIDE (metal_segment_data_target_start = ADDR (.data))
                0x0000000080000ae8                PROVIDE (metal_segment_data_target_end = (ADDR (.tdata) + SIZEOF (.tdata)))

.tbss           0x0000000080000ae8        0x0
 *(.tbss .tbss.* .gnu.linkonce.tb.*)
 *(.tcommon .tcommon.*)
                [!provide]                        PROVIDE (__tls_end = .)
                0x0000000000000000                PROVIDE (__tbss_size = SIZEOF (.tbss))
                [!provide]                        PROVIDE (__tls_size = (__tls_end - __tls_base))

.tbss_space     0x0000000080000ae8        0x0
                0x0000000080000ae8                . = (. + __tbss_size)

.bss            0x0000000080000ae8       0xa4
 *(.sbss*)
 .sbss.__malloc_free_list
                0x0000000080000ae8        0x4 c:/users/michiel/desktop/freedomstudio/sifive/riscv64-unknown-elf-gcc-8.3.0-2020.04.1/bin/../lib/gcc/riscv64-unknown-elf/8.3.0/../../../../riscv64-unknown-elf/lib/rv32imac/ilp32\libc_nano.a(lib_a-nano-mallocr.o)
                0x0000000080000ae8                __malloc_free_list
 .sbss.__malloc_sbrk_start